\BOOKMARK [1][]{section.1}{\376\377\000I\000n\000t\000r\000o\000d\000u\000z\000i\000o\000n\000e}{}% 1
\BOOKMARK [1][]{section.2}{\376\377\000A\000n\000d\000a\000m\000e\000n\000t\000o\000\040\000d\000e\000i\000\040\000R\000i\000s\000u\000l\000t\000a\000t\000i\000\040\000N\000a\000z\000i\000o\000n\000a\000l\000i}{}% 2
\BOOKMARK [1][]{section.3}{\376\377\000A\000L\0000\0000\0001\000:\000\040\000A\000T\000L\000.\000\040\000A\000L\000E\000S\000S\000A\000N\000D\000R\000I\000A}{}% 3
\BOOKMARK [1][]{section.4}{\376\377\000A\000L\0000\0000\0005\000:\000\040\000A\000T\000L\000.\000\040\000O\000V\000A\000D\000E\000S\000E\000\040\000O\000R\000M\000I\000G}{}% 4
\BOOKMARK [1][]{section.5}{\376\377\000A\000L\0000\0000\0006\000:\000\040\000A\000.\000S\000.\000D\000.\000\040\000A\000C\000C\000A\000D\000E\000M\000I\000A\000T\000L\000E\000T\000I\000C\000A}{}% 5
\BOOKMARK [1][]{section.6}{\376\377\000A\000N\0000\0000\0001\000:\000\040\000A\000T\000L\000E\000T\000I\000C\000A\000\040\000O\000S\000I\000M\000O}{}% 6
\BOOKMARK [1][]{section.7}{\376\377\000A\000N\0000\0001\0000\000:\000\040\000S\000.\000E\000.\000F\000.\000\040\000S\000T\000A\000M\000U\000R\000A\000\040\000A\000N\000C\000O\000N\000A\000\040\000A\000.\000S\000.\000D\000.}{}% 7
\BOOKMARK [1][]{section.8}{\376\377\000A\000N\0000\0001\0005\000:\000\040\000S\000P\000O\000R\000T\000\040\000D\000.\000L\000.\000F\000.\000\040\000A\000N\000C\000O\000N\000A}{}% 8
\BOOKMARK [1][]{section.9}{\376\377\000A\000O\0000\0000\0001\000:\000\040\000A\000T\000L\000E\000T\000I\000C\000A\000\040\000C\000O\000G\000N\000E\000\040\000A\000O\000S\000T\000A}{}% 9
\BOOKMARK [1][]{section.10}{\376\377\000A\000O\0000\0000\0002\000:\000\040\000A\000T\000L\000E\000T\000I\000C\000A\000\040\000P\000O\000N\000T\000\040\000D\000O\000N\000N\000A\000S}{}% 10
\BOOKMARK [1][]{section.11}{\376\377\000A\000O\0000\0000\0004\000:\000\040\000A\000T\000L\000E\000T\000I\000C\000A\000\040\000S\000A\000N\000D\000R\000O\000\040\000C\000A\000L\000V\000E\000S\000I}{}% 11
\BOOKMARK [1][]{section.12}{\376\377\000A\000P\0000\0000\0005\000:\000\040\000A\000S\000A\000\040\000A\000S\000C\000O\000L\000I\000\040\000P\000I\000C\000E\000N\000O}{}% 12
\BOOKMARK [1][]{section.13}{\376\377\000A\000P\0000\0000\0007\000:\000\040\000A\000T\000L\000E\000T\000I\000C\000A\000\040\000T\000E\000A\000M\000\040\000P\000I\000C\000E\000N\000O\000\040\000A\000S\000D}{}% 13
\BOOKMARK [1][]{section.14}{\376\377\000A\000P\0000\0003\0004\000:\000\040\000C\000O\000L\000L\000E\000C\000T\000I\000O\000N\000\040\000A\000T\000L\000E\000T\000I\000C\000A\000\040\000S\000A\000M\000B\000E\000N\000E\000D\000E\000T}{}% 14
\BOOKMARK [1][]{section.15}{\376\377\000A\000Q\0000\0000\0006\000:\000\040\000A\000.\000S\000.\000D\000.\000\040\000A\000T\000L\000E\000T\000I\000C\000A\000\040\000L\000'\000A\000Q\000U\000I\000L\000A}{}% 15
\BOOKMARK [1][]{section.16}{\376\377\000A\000R\0000\0005\0003\000:\000\040\000A\000L\000G\000A\000\040\000A\000T\000L\000E\000T\000I\000C\000A\000\040\000A\000R\000E\000Z\000Z\000O}{}% 16
\BOOKMARK [1][]{section.17}{\376\377\000A\000R\0000\0005\0008\000:\000\040\000P\000O\000L\000.\000\040\000R\000I\000N\000A\000S\000C\000I\000T\000A\000\040\000M\000O\000N\000T\000E\000V\000A\000R\000C\000H\000I}{}% 17
\BOOKMARK [1][]{section.18}{\376\377\000A\000R\0005\0000\0005\000:\000\040\000A\000S\000D\000\040\000B\000B\000P\000\040\000A\000T\000H\000L\000E\000T\000I\000C}{}% 18
\BOOKMARK [1][]{section.19}{\376\377\000A\000T\0000\0000\0001\000:\000\040\000S\000.\000S\000.\000\040\000V\000I\000T\000T\000O\000R\000I\000O\000\040\000A\000L\000F\000I\000E\000R\000I\000\040\000A\000S\000T\000I}{}% 19
\BOOKMARK [1][]{section.20}{\376\377\000A\000V\0002\0000\0008\000:\000\040\000A\000S\000D\000\040\000E\000N\000T\000E\000R\000P\000R\000I\000S\000E\000\040\000S\000P\000O\000R\000T\000\040\000\046\000\040\000S\000E\000R\000V\000I\000C\000E}{}% 20
\BOOKMARK [1][]{section.21}{\376\377\000B\000A\0000\0000\0005\000:\000\040\000A\000M\000A\000T\000O\000R\000I\000\040\000A\000T\000L\000.\000\040\000A\000C\000Q\000U\000A\000V\000I\000V\000A}{}% 21
\BOOKMARK [1][]{section.22}{\376\377\000B\000A\0000\0000\0006\000:\000\040\000A\000S\000D\000\040\000G\000I\000O\000V\000A\000N\000I\000\040\000A\000T\000L\000E\000T\000I\000\040\000B\000A\000R\000I\000\040\0001\0009\0006\0009}{}% 22
\BOOKMARK [1][]{section.23}{\376\377\000B\000A\0000\0000\0007\000:\000\040\000C\000U\000S\000\040\000B\000A\000R\000I}{}% 23
\BOOKMARK [1][]{section.24}{\376\377\000B\000A\0000\0000\0008\000:\000\040\000A\000S\000D\000\040\000E\000L\000I\000T\000E\000\040\000A\000C\000A\000D\000E\000M\000Y\000\040\000B\000A\000R\000I}{}% 24
\BOOKMARK [1][]{section.25}{\376\377\000B\000A\0000\0008\0009\000:\000\040\000A\000L\000T\000E\000R\000A\000T\000L\000E\000T\000I\000C\000A\000\040\000L\000O\000C\000O\000R\000O\000T\000O\000N\000D\000O}{}% 25
\BOOKMARK [1][]{section.26}{\376\377\000B\000A\0007\0007\0002\000:\000\040\000A\000S\000D\000\040\000P\000O\000L\000I\000S\000P\000O\000R\000T\000I\000V\000A\000\040\000P\000A\000O\000L\000O\000\040\000S\000A\000S\000S\000O}{}% 26
\BOOKMARK [1][]{section.27}{\376\377\000B\000G\0000\0000\0003\000:\000\040\000A\000T\000L\000.\000\040\000B\000E\000R\000G\000A\000M\000O\000\040\0001\0009\0005\0009\000\040\000O\000R\000I\000O\000C\000E\000N\000T\000E\000R}{}% 27
\BOOKMARK [1][]{section.28}{\376\377\000B\000G\0000\0003\0006\000:\000\040\000A\000T\000L\000.\000\040\000S\000A\000L\000E\000T\000T\000I}{}% 28
\BOOKMARK [1][]{section.29}{\376\377\000B\000G\0000\0004\0005\000:\000\040\000A\000T\000L\000.\000\040\000P\000I\000A\000N\000U\000R\000A\000\040\000B\000E\000R\000G\000A\000M\000A\000S\000C\000A}{}% 29
\BOOKMARK [1][]{section.30}{\376\377\000B\000G\0001\0003\0005\000:\000\040\000G\000.\000\040\000A\000L\000P\000I\000N\000I\000S\000T\000I\000C\000O\000\040\000V\000E\000R\000T\000O\000V\000E\000S\000E}{}% 30
\BOOKMARK [1][]{section.31}{\376\377\000B\000G\0002\0002\0003\000:\000\040\000A\000T\000L\000.\000\040\000V\000A\000L\000L\000E\000\040\000B\000R\000E\000M\000B\000A\000N\000A}{}% 31
\BOOKMARK [1][]{section.32}{\376\377\000B\000G\0002\0002\0008\000:\000\040\000U\000.\000S\000.\000\040\000R\000O\000G\000N\000O}{}% 32
\BOOKMARK [1][]{section.33}{\376\377\000B\000G\0002\0003\0002\000:\000\040\000P\000O\000L\000.\000\040\000A\000T\000L\000.\000\040\000B\000R\000E\000M\000B\000A\000T\000E\000\040\000S\000O\000P\000R\000A}{}% 33
\BOOKMARK [1][]{section.34}{\376\377\000B\000G\0002\0004\0008\000:\000\040\000A\000T\000L\000.\000\040\000E\000S\000T\000R\000A\000D\000A}{}% 34
\BOOKMARK [1][]{section.35}{\376\377\000B\000G\0003\0007\0001\000:\000\040\000S\000P\000O\000R\000T\000I\000N\000G\000\040\000C\000L\000U\000B\000\040\000A\000L\000Z\000A\000N\000O}{}% 35
\BOOKMARK [1][]{section.36}{\376\377\000B\000G\0005\0004\0002\000:\000\040\000A\000T\000L\000.\000\040\000B\000R\000U\000S\000A\000P\000O\000R\000T\000O}{}% 36
\BOOKMARK [1][]{section.37}{\376\377\000B\000G\0007\0009\0005\000:\000\040\000B\000E\000R\000G\000A\000M\000O\000\040\000S\000T\000A\000R\000S\000\040\000A\000T\000L\000E\000T\000I\000C\000A}{}% 37
\BOOKMARK [1][]{section.38}{\376\377\000B\000L\0000\0000\0001\000:\000\040\000A\000T\000L\000.\000L\000O\000N\000G\000A\000R\000O\000N\000E\000\040\000S\000I\000N\000T\000E\000C\000O}{}% 38
\BOOKMARK [1][]{section.39}{\376\377\000B\000L\0000\0000\0008\000:\000\040\000G\000S\000\040\000L\000A\000\040\000P\000I\000A\000V\000E\000\040\0002\0000\0000\0000}{}% 39
\BOOKMARK [1][]{section.40}{\376\377\000B\000L\0000\0000\0009\000:\000\040\000A\000T\000H\000L\000E\000T\000I\000C\000\040\000C\000L\000U\000B\000\040\000F\000I\000R\000E\000X\000\040\000B\000E\000L\000L\000U\000N\000O}{}% 40
\BOOKMARK [1][]{section.41}{\376\377\000B\000L\0000\0001\0002\000:\000\040\000A\000N\000A\000\040\000A\000T\000L\000.\000F\000E\000L\000T\000R\000E}{}% 41
\BOOKMARK [1][]{section.42}{\376\377\000B\000N\0008\0000\0000\000:\000\040\000L\000I\000B\000E\000R\000T\000A\000S\000\040\000A\000M\000A\000T\000O\000R\000I\000\040\000A\000T\000L\000E\000T\000I\000C\000A\000\040\000L\000E\000G\000G}{}% 42
\BOOKMARK [1][]{section.43}{\376\377\000B\000O\0000\0000\0002\000:\000\040\000A\000C\000Q\000U\000A\000D\000E\000L\000A\000\040\000A\000S\000D}{}% 43
\BOOKMARK [1][]{section.44}{\376\377\000B\000O\0000\0000\0007\000:\000\040\000A\000S\000D\000\040\000V\000I\000R\000T\000U\000S\000\040\000S\000E\000Z\000.\000\040\000A\000T\000L\000.\000\040\000E\000M\000I\000L\000S\000I\000D\000E\000R}{}% 44
\BOOKMARK [1][]{section.45}{\376\377\000B\000O\0000\0001\0001\000:\000\040\000C\000.\000S\000.\000\040\000C\000A\000R\000A\000B\000I\000N\000I\000E\000R\000I\000\040\000S\000E\000Z\000.\000\040\000A\000T\000L\000E\000T\000I\000C\000A}{}% 45
\BOOKMARK [1][]{section.46}{\376\377\000B\000O\0000\0001\0004\000:\000\040\000A\000T\000L\000.\000\040\000I\000M\000O\000L\000A\000\040\000S\000A\000C\000M\000I\000\040\000A\000V\000I\000S}{}% 46
\BOOKMARK [1][]{section.47}{\376\377\000B\000O\0000\0001\0005\000:\000\040\000A\000.\000S\000.\000D\000.\000\040\000F\000R\000A\000N\000C\000E\000S\000C\000O\000\040\000F\000R\000A\000N\000C\000I\000A}{}% 47
\BOOKMARK [1][]{section.48}{\376\377\000B\000O\0005\0000\0006\000:\000\040\000A\000.\000S\000.\000D\000.\000\040\000P\000O\000N\000T\000E\000V\000E\000C\000C\000H\000I\000O\000\040\000B\000O\000L\000O\000G\000N\000A}{}% 48
\BOOKMARK [1][]{section.49}{\376\377\000B\000O\0005\0002\0002\000:\000\040\000P\000O\000L\000I\000S\000P\000O\000R\000T\000I\000V\000A\000\040\000A\000T\000L\000E\000T\000I\000C\000O\000\040\000B\000O\000R\000G\000O\000\040\000P\000A}{}% 49
\BOOKMARK [1][]{section.50}{\376\377\000B\000S\0001\0007\0009\000:\000\040\000A\000S\000D\000\040\000A\000T\000L\000E\000T\000I\000C\000A\000\040\000L\000E\000O\000N\000E\000S\000S\000A}{}% 50
\BOOKMARK [1][]{section.51}{\376\377\000B\000S\0001\0008\0001\000:\000\040\000A\000T\000L\000.\000\040\000B\000R\000E\000S\000C\000I\000A\000\040\0001\0009\0005\0000}{}% 51
\BOOKMARK [1][]{section.52}{\376\377\000B\000S\0001\0009\0009\000:\000\040\000A\000T\000L\000.\000\040\000V\000A\000L\000L\000E\000C\000A\000M\000O\000N\000I\000C\000A}{}% 52
\BOOKMARK [1][]{section.53}{\376\377\000B\000S\0003\0000\0003\000:\000\040\000O\000L\000Y\000M\000P\000I\000A\000\040\000A\000T\000H\000L\000E\000T\000I\000C\000\040\000T\000E\000A\000M}{}% 53
\BOOKMARK [1][]{section.54}{\376\377\000B\000S\0003\0001\0008\000:\000\040\000A\000T\000L\000.\000\040\000C\000H\000I\000A\000R\000I\000\040\0001\0009\0006\0004\000\040\000L\000I\000B\000.}{}% 54
\BOOKMARK [1][]{section.55}{\376\377\000B\000S\0003\0001\0009\000:\000\040\000A\000T\000L\000.\000\040\000R\000O\000D\000E\000N\000G\000O\000\040\000S\000A\000I\000A\000N\000O\000\040\000M\000I\000C\000O}{}% 55
\BOOKMARK [1][]{section.56}{\376\377\000B\000S\0003\0005\0005\000:\000\040\000U\000.\000\040\000A\000T\000L\000.\000\040\000V\000A\000L\000T\000R\000O\000M\000P\000I\000A}{}% 56
\BOOKMARK [1][]{section.57}{\376\377\000B\000S\0003\0006\0004\000:\000\040\000G\000.\000S\000.\000\040\000A\000T\000L\000.\000\040\000R\000E\000Z\000Z\000A\000T\000O}{}% 57
\BOOKMARK [1][]{section.58}{\376\377\000B\000S\0005\0007\0005\000:\000\040\000A\000T\000L\000.\000\040\000V\000I\000R\000T\000U\000S\000\040\000C\000A\000S\000T\000E\000N\000E\000D\000O\000L\000O}{}% 58
\BOOKMARK [1][]{section.59}{\376\377\000B\000S\0006\0000\0007\000:\000\040\000A\000T\000L\000.\000\040\000P\000O\000M\000P\000I\000A\000N\000O}{}% 59
\BOOKMARK [1][]{section.60}{\376\377\000B\000S\0006\0009\0002\000:\000\040\000A\000.\000S\000.\000D\000.\000\040\000C\000.\000U\000.\000S\000.\000\040\000B\000R\000E\000S\000C\000I\000A}{}% 60
\BOOKMARK [1][]{section.61}{\376\377\000B\000Z\0000\0000\0008\000:\000\040\000S\000S\000V\000\040\000B\000R\000U\000N\000E\000C\000K\000\040\000V\000O\000L\000K\000S\000B\000A\000N\000K\000\040\000A\000S\000V}{}% 61
\BOOKMARK [1][]{section.62}{\376\377\000B\000Z\0000\0001\0001\000:\000\040\000S\000.\000V\000.\000\040\000L\000A\000N\000A\000\040\000-\000\040\000R\000A\000I\000K\000A\000\040\000A\000S\000V}{}% 62
\BOOKMARK [1][]{section.63}{\376\377\000B\000Z\0000\0001\0003\000:\000\040\000A\000S\000V\000\040\000S\000T\000E\000R\000Z\000I\000N\000G\000\040\000V\000O\000L\000K\000S\000B\000A\000N\000K}{}% 63
\BOOKMARK [1][]{section.64}{\376\377\000B\000Z\0000\0002\0003\000:\000\040\000A\000S\000V\000\040\000L\000.\000C\000.\000\040\000B\000O\000Z\000E\000N\000\040\000R\000A\000I\000F\000F\000E\000I\000S\000E\000N}{}% 64
\BOOKMARK [1][]{section.65}{\376\377\000B\000Z\0000\0006\0006\000:\000\040\000A\000T\000H\000L\000E\000T\000I\000C\000\040\000C\000L\000U\000B\000\040\0009\0006\000\040\000A\000L\000P\000E\000R\000I\000A}{}% 65
\BOOKMARK [1][]{section.66}{\376\377\000B\000Z\0000\0006\0008\000:\000\040\000S\000.\000G\000\040\000E\000I\000S\000A\000C\000K\000T\000A\000L\000\040\000R\000A\000I\000F\000F\000E\000I\000S\000E\000N\000\040\000A\000S\000V}{}% 66
\BOOKMARK [1][]{section.67}{\376\377\000B\000Z\0000\0007\0001\000:\000\040\000C\000.\000S\000.\000S\000.\000\040\000L\000E\000O\000N\000A\000R\000D\000O\000\040\000D\000A\000\040\000V\000I\000N\000C\000I}{}% 67
\BOOKMARK [1][]{section.68}{\376\377\000C\000A\0000\0000\0001\000:\000\040\000C\000.\000U\000.\000S\000.\000\040\000C\000A\000G\000L\000I\000A\000R\000I}{}% 68
\BOOKMARK [1][]{section.69}{\376\377\000C\000A\0000\0000\0002\000:\000\040\000S\000\040\000G\000\040\000A\000M\000S\000I\000C\000O\000R\000A}{}% 69
\BOOKMARK [1][]{section.70}{\376\377\000C\000A\0000\0001\0002\000:\000\040\000A\000T\000L\000E\000T\000I\000C\000A\000\040\000S\000E\000L\000A\000R\000G\000I\000U\000S}{}% 70
\BOOKMARK [1][]{section.71}{\376\377\000C\000A\0000\0003\0002\000:\000\040\000A\000S\000\040\000T\000E\000S\000P\000I\000E\000N\000S\000E\000\040\000Q\000U\000A\000R\000T\000U}{}% 71
\BOOKMARK [1][]{section.72}{\376\377\000C\000A\0000\0003\0006\000:\000\040\000P\000O\000L\000\040\000L\000I\000B\000E\000R\000T\000A\000S\000\040\000C\000A\000M\000P\000I\000D\000A\000N\000O}{}% 72
\BOOKMARK [1][]{section.73}{\376\377\000C\000A\0001\0009\0008\000:\000\040\000O\000L\000Y\000M\000P\000I\000A\000\040\000V\000I\000L\000L\000A\000C\000I\000D\000R\000O}{}% 73
\BOOKMARK [1][]{section.74}{\376\377\000C\000B\0000\0000\0005\000:\000\040\000G\000R\000U\000P\000P\000O\000\040\000S\000P\000O\000R\000T\000I\000V\000O\000\040\000V\000I\000R\000T\000U\000S}{}% 74
\BOOKMARK [1][]{section.75}{\376\377\000C\000B\0000\0000\0006\000:\000\040\000P\000O\000L\000I\000S\000P\000O\000R\000T\000I\000V\000A\000\040\000M\000O\000L\000I\000S\000E\000\040\000C\000A\000M\000P\000O\000B\000A\000S\000S\000O}{}% 75
\BOOKMARK [1][]{section.76}{\376\377\000C\000B\0000\0006\0001\000:\000\040\000A\000T\000H\000L\000E\000T\000I\000C\000\040\000C\000L\000U\000B\000\040\000T\000E\000R\000M\000O\000L\000I\000\040\000A\000S\000D}{}% 76
\BOOKMARK [1][]{section.77}{\376\377\000C\000E\0000\0003\0005\000:\000\040\000A\000T\000L\000E\000T\000I\000C\000A\000\040\000A\000V\000E\000R\000S\000A\000\040\000C\000E\000N\000T\000R\000O\000S\000A\000N\000T\000U\000L\000L\000I}{}% 77
\BOOKMARK [1][]{section.78}{\376\377\000C\000H\0001\0007\0002\000:\000\040\000P\000O\000L\000I\000S\000P\000O\000R\000T\000I\000V\000A\000\040\000T\000E\000T\000H\000Y\000S\000\040\000C\000H\000I\000E\000T\000I}{}% 78
\BOOKMARK [1][]{section.79}{\376\377\000C\000H\0001\0008\0003\000:\000\040\000A\000.\000S\000.\000D\000.\000\040\000U\000N\000I\000O\000N\000E\000\040\000A\000T\000L\000E\000T\000I\000C\000A\000\040\000A\000B\000R\000U\000Z\000Z\000O}{}% 79
\BOOKMARK [1][]{section.80}{\376\377\000C\000N\0000\0000\0001\000:\000\040\000A\000.\000S\000.\000D\000.\000\040\000A\000T\000L\000.\000\040\000F\000O\000S\000S\000A\000N\000O\000\040\000'\0007\0005}{}% 80
\BOOKMARK [1][]{section.81}{\376\377\000C\000N\0000\0000\0005\000:\000\040\000A\000T\000L\000.\000\040\000M\000O\000N\000D\000O\000V\000I\000'\000-\000A\000C\000Q\000U\000A\000\040\000S\000.\000B\000E\000R\000N\000A\000R\000D\000O}{}% 81
\BOOKMARK [1][]{section.82}{\376\377\000C\000N\0000\0000\0008\000:\000\040\000A\000.\000S\000.\000D\000.\000\040\000A\000T\000L\000E\000T\000I\000C\000A\000\040\000A\000L\000B\000A}{}% 82
\BOOKMARK [1][]{section.83}{\376\377\000C\000N\0000\0002\0000\000:\000\040\000A\000.\000S\000.\000D\000.\000\040\000A\000T\000L\000E\000T\000I\000C\000A\000\040\000R\000O\000A\000T\000A\000\040\000C\000H\000I\000U\000S\000A\000N\000I}{}% 83
\BOOKMARK [1][]{section.84}{\376\377\000C\000O\0000\0001\0001\000:\000\040\000M\000E\000R\000A\000T\000E\000\040\000A\000T\000L\000E\000T\000I\000C\000A\000\040\000P\000R\000O\000M\000O\000L\000I\000N\000E}{}% 84
\BOOKMARK [1][]{section.85}{\376\377\000C\000O\0000\0001\0005\000:\000\040\000A\000.\000S\000.\000D\000.\000\040\000U\000.\000P\000.\000\040\000M\000I\000S\000S\000A\000G\000L\000I\000A}{}% 85
\BOOKMARK [1][]{section.86}{\376\377\000C\000O\0000\0001\0007\000:\000\040\000A\000T\000L\000.\000\040\000T\000R\000I\000A\000N\000G\000O\000L\000O\000\040\000L\000A\000R\000I\000A\000N\000O}{}% 86
\BOOKMARK [1][]{section.87}{\376\377\000C\000O\0000\0002\0003\000:\000\040\000A\000T\000L\000.\000\040\000R\000O\000V\000E\000L\000L\000A\000S\000C\000A}{}% 87
\BOOKMARK [1][]{section.88}{\376\377\000C\000O\0000\0005\0006\000:\000\040\000G\000.\000S\000.\000\040\000B\000E\000R\000N\000A\000T\000E\000S\000E}{}% 88
\BOOKMARK [1][]{section.89}{\376\377\000C\000O\0002\0000\0008\000:\000\040\000A\000T\000L\000.\000\040\000L\000E\000C\000C\000O\000-\000C\000O\000L\000O\000M\000B\000O\000\040\000C\000O\000S\000T\000R\000U\000Z\000.}{}% 89
\BOOKMARK [1][]{section.90}{\376\377\000C\000O\0002\0009\0004\000:\000\040\000G\000.\000S\000.\000\040\000V\000I\000R\000T\000U\000S\000\040\000C\000A\000L\000C\000O}{}% 90
\BOOKMARK [1][]{section.91}{\376\377\000C\000O\0004\0008\0007\000:\000\040\000A\000S\000D\000\040\000A\000T\000L\000E\000T\000I\000C\000A\000\040\0008\0007}{}% 91
\BOOKMARK [1][]{section.92}{\376\377\000C\000O\0005\0004\0006\000:\000\040\000U\000N\000I\000O\000N\000E\000\040\000S\000P\000O\000R\000T\000I\000V\000A\000\040\000A\000L\000B\000A\000T\000E\000S\000E\000\040\000A\000S\000D}{}% 92
\BOOKMARK [1][]{section.93}{\376\377\000C\000O\0007\0004\0004\000:\000\040\000A\000.\000G\000.\000\040\000C\000O\000M\000E\000N\000S\000E\000\040\000S\000.\000S\000.\000D\000.\000\040\000A\000\040\000R\000.\000L\000.}{}% 93
\BOOKMARK [1][]{section.94}{\376\377\000C\000O\0009\0002\0000\000:\000\040\000L\000I\000E\000T\000O\000\040\000C\000O\000L\000L\000E\000\040\000A\000S\000D}{}% 94
\BOOKMARK [1][]{section.95}{\376\377\000C\000O\0009\0007\0006\000:\000\040\000A\000.\000S\000.\000D\000.\000\040\000A\000T\000L\000E\000T\000I\000C\000A\000\040\000A\000N\000D\000R\000O\000M\000E\000D\000A}{}% 95
\BOOKMARK [1][]{section.96}{\376\377\000C\000R\0000\0004\0001\000:\000\040\000C\000R\000E\000M\000O\000N\000A\000\040\000S\000P\000O\000R\000T\000I\000V\000A\000\040\000A\000T\000L\000.\000\040\000A\000R\000V\000E\000D\000I}{}% 96
\BOOKMARK [1][]{section.97}{\376\377\000C\000R\0001\0005\0000\000:\000\040\000A\000S\000D\000\040\000I\000N\000T\000E\000R\000F\000L\000U\000M\000I\000N\000A\000\040\000E\000'\000\040\000P\000I\000U\000'\000\040\000P\000O\000M\000I\000'}{}% 97
\BOOKMARK [1][]{section.98}{\376\377\000C\000R\0008\0001\0000\000:\000\040\000A\000S\000D\000\040\000N\000U\000O\000V\000A\000\040\000V\000I\000R\000T\000U\000S\000\040\000C\000R\000E\000M\000A}{}% 98
\BOOKMARK [1][]{section.99}{\376\377\000C\000S\0003\0006\0001\000:\000\040\000C\000O\000S\000E\000N\000Z\000A\000\040\000K\0004\0002}{}% 99
\BOOKMARK [1][]{section.100}{\376\377\000C\000T\0003\0006\0001\000:\000\040\000A\000.\000S\000.\000D\000.\000\040\000S\000C\000U\000O\000L\000A\000\040\000D\000I\000\040\000A\000.\000L\000.\000\040\000C\000A\000T\000A\000N\000I\000A}{}% 100
\BOOKMARK [1][]{section.101}{\376\377\000C\000T\0007\0003\0004\000:\000\040\000A\000S\000D\000\040\000A\000L\000T\000I\000S\000\040\000A\000T\000H\000L\000E\000T\000I\000C\000S}{}% 101
\BOOKMARK [1][]{section.102}{\376\377\000F\000C\0000\0003\0008\000:\000\040\000E\000D\000E\000R\000A\000\040\000A\000T\000L\000.\000\040\000F\000O\000R\000L\000I}{}% 102
\BOOKMARK [1][]{section.103}{\376\377\000F\000C\0000\0004\0009\000:\000\040\000A\000T\000L\000.\000\040\000E\000N\000D\000A\000S\000\040\000C\000E\000S\000E\000N\000A}{}% 103
\BOOKMARK [1][]{section.104}{\376\377\000F\000C\0005\0004\0002\000:\000\040\000L\000I\000B\000E\000R\000T\000A\000S\000\040\000A\000T\000L\000E\000T\000I\000C\000A\000\040\000F\000O\000R\000L\000I\000'}{}% 104
\BOOKMARK [1][]{section.105}{\376\377\000F\000E\0000\0002\0005\000:\000\040\000A\000T\000L\000.\000\040\000B\000O\000N\000D\000E\000N\000O}{}% 105
\BOOKMARK [1][]{section.106}{\376\377\000F\000E\0000\0002\0006\000:\000\040\000C\000.\000U\000.\000S\000.\000\040\000F\000E\000R\000R\000A\000R\000A\000\040\000A\000.\000S\000.\000D\000.}{}% 106
\BOOKMARK [1][]{section.107}{\376\377\000F\000E\0003\0007\0008\000:\000\040\000A\000T\000L\000E\000T\000I\000C\000A\000\040\000E\000S\000T\000E\000N\000S\000E}{}% 107
\BOOKMARK [1][]{section.108}{\376\377\000F\000E\0005\0009\0006\000:\000\040\000A\000.\000S\000.\000D\000.\000\040\000A\000T\000L\000E\000T\000I\000C\000A\000\040\000C\000O\000P\000P\000A\000R\000O}{}% 108
\BOOKMARK [1][]{section.109}{\376\377\000F\000G\0002\0000\0002\000:\000\040\000U\000.\000S\000.\000\040\000F\000O\000G\000G\000I\000A\000\040\000A\000T\000L\000.\000\040\000L\000E\000G\000G\000E\000R\000A}{}% 109
\BOOKMARK [1][]{section.110}{\376\377\000F\000G\0002\0001\0000\000:\000\040\000A\000S\000D\000\040\000U\000S\000\040\000F\000O\000G\000G\000I\000A\000\040\000S\000C\000U\000O\000L\000A\000\040\000N\000A\000Z\000.\000\040\000A\000S\000T\000A}{}% 110
\BOOKMARK [1][]{section.111}{\376\377\000F\000I\0000\0000\0001\000:\000\040\000A\000S\000S\000I\000\040\000G\000I\000G\000L\000I\000O\000\040\000R\000O\000S\000S\000O\000\040\000F\000I\000R\000E\000N\000Z\000E}{}% 111
\BOOKMARK [1][]{section.112}{\376\377\000F\000I\0000\0000\0002\000:\000\040\000A\000T\000L\000E\000T\000I\000C\000A\000\040\000F\000I\000R\000E\000N\000Z\000E\000\040\000M\000A\000R\000A\000T\000H\000O\000N\000\040\000S\000.\000S\000.}{}% 112
\BOOKMARK [1][]{section.113}{\376\377\000F\000I\0000\0000\0005\000:\000\040\000A\000T\000L\000.\000S\000E\000S\000T\000E\000S\000E}{}% 113
\BOOKMARK [1][]{section.114}{\376\377\000F\000I\0000\0000\0007\000:\000\040\000T\000O\000S\000C\000A\000N\000A\000\040\000A\000T\000L\000.\000E\000M\000P\000O\000L\000I\000\040\000N\000I\000S\000S\000A\000N}{}% 114
\BOOKMARK [1][]{section.115}{\376\377\000F\000I\0000\0000\0009\000:\000\040\000P\000R\000O\000S\000P\000O\000R\000T\000\040\000A\000T\000L\000.\000\040\000F\000I\000R\000E\000N\000Z\000E}{}% 115
\BOOKMARK [1][]{section.116}{\376\377\000F\000I\0000\0001\0008\000:\000\040\000T\000O\000S\000C\000A\000N\000A\000\040\000A\000T\000L\000E\000T\000I\000C\000A}{}% 116
\BOOKMARK [1][]{section.117}{\376\377\000F\000I\0000\0002\0003\000:\000\040\000A\000T\000L\000.\000\040\000F\000U\000C\000E\000C\000C\000H\000I\000O}{}% 117
\BOOKMARK [1][]{section.118}{\376\377\000F\000I\0000\0002\0005\000:\000\040\000A\000T\000L\000E\000T\000I\000C\000A\000\040\000C\000A\000L\000E\000N\000Z\000A\000N\000O}{}% 118
\BOOKMARK [1][]{section.119}{\376\377\000F\000I\0000\0002\0009\000:\000\040\000A\000T\000L\000E\000T\000I\000C\000A\000\040\000C\000A\000M\000P\000I\000\040\000B\000I\000S\000E\000N\000Z\000I\000O}{}% 119
\BOOKMARK [1][]{section.120}{\376\377\000F\000M\0000\0000\0003\000:\000\040\000S\000P\000O\000R\000T\000\040\000A\000T\000L\000.\000\040\000F\000E\000R\000M\000O}{}% 120
\BOOKMARK [1][]{section.121}{\376\377\000F\000M\0000\0005\0000\000:\000\040\000T\000E\000A\000M\000\040\000A\000T\000L\000E\000T\000I\000C\000A\000\040\000M\000A\000R\000C\000H\000E}{}% 121
\BOOKMARK [1][]{section.122}{\376\377\000G\000E\0000\0000\0002\000:\000\040\000A\000.\000S\000.\000D\000.\000\040\000C\000.\000U\000.\000S\000.\000\040\000G\000E\000N\000O\000V\000A}{}% 122
\BOOKMARK [1][]{section.123}{\376\377\000G\000E\0000\0001\0002\000:\000\040\000A\000T\000L\000E\000T\000I\000C\000A\000\040\000L\000E\000V\000A\000N\000T\000E}{}% 123
\BOOKMARK [1][]{section.124}{\376\377\000G\000E\0000\0001\0006\000:\000\040\000A\000T\000L\000.\000\040\000U\000N\000I\000V\000E\000R\000S\000A\000L\000E\000\040\000D\000O\000N\000\040\000B\000O\000S\000C\000O}{}% 124
\BOOKMARK [1][]{section.125}{\376\377\000G\000O\0000\0004\0007\000:\000\040\000A\000T\000L\000E\000T\000I\000C\000A\000\040\000M\000O\000N\000F\000A\000L\000C\000O\000N\000E}{}% 125
\BOOKMARK [1][]{section.126}{\376\377\000G\000O\0000\0005\0000\000:\000\040\000A\000T\000L\000E\000T\000I\000C\000A\000\040\000G\000O\000R\000I\000Z\000I\000A}{}% 126
\BOOKMARK [1][]{section.127}{\376\377\000G\000R\0000\0006\0005\000:\000\040\000A\000T\000L\000E\000T\000I\000C\000A\000\040\000G\000R\000O\000S\000S\000E\000T\000O\000\040\000B\000A\000N\000C\000A\000\040\000T\000E\000M\000A}{}% 127
\BOOKMARK [1][]{section.128}{\376\377\000I\000M\0000\0002\0009\000:\000\040\000A\000S\000D\000\040\000M\000A\000U\000R\000I\000N\000A\000\040\000O\000L\000I\000O\000\040\000C\000A\000R\000L\000I}{}% 128
\BOOKMARK [1][]{section.129}{\376\377\000I\000M\0000\0003\0008\000:\000\040\000A\000.\000S\000.\000\040\000A\000T\000L\000E\000T\000I\000C\000A\000\040\0002\0000\0000\0000\000\040\000B\000O\000R\000D\000I\000G\000H\000E\000R\000A}{}% 129
\BOOKMARK [1][]{section.130}{\376\377\000I\000S\0000\0001\0000\000:\000\040\000A\000T\000L\000E\000T\000I\000C\000A\000\040\000I\000S\000E\000R\000N\000I\000A}{}% 130
\BOOKMARK [1][]{section.131}{\376\377\000L\000E\0006\0005\0008\000:\000\040\000A\000.\000P\000.\000S\000.\000\040\000D\000U\000E\000\040\000M\000O\000N\000D\000I}{}% 131
\BOOKMARK [1][]{section.132}{\376\377\000L\000I\0000\0003\0005\000:\000\040\000A\000T\000L\000.\000L\000I\000B\000E\000R\000T\000A\000S\000\040\000U\000N\000I\000C\000U\000S\000A\000N\000O\000\040\000L\000I\000V\000O\000R\000N\000O}{}% 132
\BOOKMARK [1][]{section.133}{\376\377\000L\000I\0000\0003\0006\000:\000\040\000A\000T\000L\000E\000T\000I\000C\000A\000\040\000L\000I\000V\000O\000R\000N\000O}{}% 133
\BOOKMARK [1][]{section.134}{\376\377\000L\000I\0000\0003\0008\000:\000\040\000C\000E\000N\000T\000R\000O\000\040\000A\000T\000L\000E\000T\000I\000C\000A\000\040\000P\000I\000O\000M\000B\000I\000N\000O}{}% 134
\BOOKMARK [1][]{section.135}{\376\377\000L\000I\0003\0003\0002\000:\000\040\000C\000.\000G\000.\000\040\000A\000T\000L\000E\000T\000I\000C\000A\000\040\000C\000O\000S\000T\000A\000\040\000E\000T\000R\000U\000S\000C\000A}{}% 135
\BOOKMARK [1][]{section.136}{\376\377\000L\000T\0002\0007\0005\000:\000\040\000N\000I\000S\000S\000O\000L\000I\000N\000O\000\040\000I\000N\000T\000E\000S\000A\000T\000L\000E\000T\000I\000C\000A\000\040\000L\000A\000T\000I\000N\000A}{}% 136
\BOOKMARK [1][]{section.137}{\376\377\000L\000T\0003\0000\0002\000:\000\040\000S\000S\000D\000\040\000F\000O\000R\000M\000I\000A\000\040\000A\000T\000L\000.\000\040\000L\000E\000G\000G\000E\000R\000A\000\040\000A\000\040\000R\000.\000L\000.}{}% 137
\BOOKMARK [1][]{section.138}{\376\377\000L\000U\0001\0000\0000\000:\000\040\000A\000.\000S\000.\000\040\000A\000T\000L\000E\000T\000I\000C\000A\000\040\000V\000I\000R\000T\000U\000S\000\040\000L\000U\000C\000C\000A}{}% 138
\BOOKMARK [1][]{section.139}{\376\377\000L\000U\0001\0000\0004\000:\000\040\000A\000T\000L\000.\000P\000I\000E\000T\000R\000A\000S\000A\000N\000T\000A\000\040\000V\000E\000R\000S\000I\000L\000I\000A}{}% 139
\BOOKMARK [1][]{section.140}{\376\377\000M\000C\0000\0000\0004\000:\000\040\000A\000T\000L\000.\000\040\000A\000V\000I\000S\000\040\000M\000A\000C\000E\000R\000A\000T\000A}{}% 140
\BOOKMARK [1][]{section.141}{\376\377\000M\000C\0000\0000\0007\000:\000\040\000G\000R\000O\000T\000T\000I\000N\000I\000\040\000T\000E\000A\000M\000\040\000R\000E\000C\000A\000N\000A\000T\000I\000\040\000A\000S\000D}{}% 141
\BOOKMARK [1][]{section.142}{\376\377\000M\000C\0000\0000\0008\000:\000\040\000S\000.\000E\000.\000F\000.\000\040\000M\000A\000C\000E\000R\000A\000T\000A}{}% 142
\BOOKMARK [1][]{section.143}{\376\377\000M\000C\0000\0001\0001\000:\000\040\000A\000T\000L\000E\000T\000I\000C\000A\000\040\000C\000I\000V\000I\000T\000A\000N\000O\000V\000A}{}% 143
\BOOKMARK [1][]{section.144}{\376\377\000M\000C\0000\0004\0002\000:\000\040\000A\000.\000S\000.\000D\000.\000\040\000A\000T\000L\000E\000T\000I\000C\000A\000\040\000A\000M\000A\000\040\000C\000I\000V\000I\000T\000A\000N\000O\000V\000A}{}% 144
\BOOKMARK [1][]{section.145}{\376\377\000M\000E\0001\0001\0002\000:\000\040\000A\000S\000D\000\040\000D\000U\000I\000L\000I\000A\000\040\000B\000A\000R\000C\000E\000L\000L\000O\000N\000A\000\040\000P\000.\000G\000.}{}% 145
\BOOKMARK [1][]{section.146}{\376\377\000M\000E\0007\0004\0000\000:\000\040\000A\000T\000L\000E\000T\000I\000C\000A\000\040\000S\000A\000V\000O\000C\000A\000\040\000S\000S\000D\000\040\000A\000\040\000R\000L}{}% 146
\BOOKMARK [1][]{section.147}{\376\377\000M\000I\0000\0000\0008\000:\000\040\000A\000C\000C\000A\000D\000E\000M\000I\000A\000\040\000M\000E\000L\000E\000G\000N\000A\000N\000O\000\040\000A\000T\000L\000\040\000A\000S\000D}{}% 147
\BOOKMARK [1][]{section.148}{\376\377\000M\000I\0000\0006\0005\000:\000\040\000A\000T\000L\000.\000\040\000C\000O\000N\000C\000O\000R\000E\000Z\000Z\000O}{}% 148
\BOOKMARK [1][]{section.149}{\376\377\000M\000I\0000\0006\0006\000:\000\040\000S\000C\000U\000O\000L\000A\000\040\000S\000P\000O\000R\000T\000I\000V\000A\000\040\000A\000T\000L\000.\000\040\000P\000U\000N\000T\000O\000\040\000I\000T}{}% 149
\BOOKMARK [1][]{section.150}{\376\377\000M\000I\0000\0006\0008\000:\000\040\000A\000T\000H\000L\000E\000T\000I\000C\000\040\000C\000L\000U\000B\000\040\000V\000I\000L\000L\000A\000S\000A\000N\000T\000A}{}% 150
\BOOKMARK [1][]{section.151}{\376\377\000M\000I\0000\0007\0007\000:\000\040\000C\000U\000S\000\040\000P\000R\000O\000P\000A\000T\000R\000I\000A\000\040\000M\000I\000L\000A\000N\000O}{}% 151
\BOOKMARK [1][]{section.152}{\376\377\000M\000I\0000\0008\0000\000:\000\040\000A\000T\000L\000.\000\040\000R\000I\000C\000C\000A\000R\000D\000I\000\040\000M\000I\000L\000A\000N\000O\000\040\0001\0009\0004\0006}{}% 152
\BOOKMARK [1][]{section.153}{\376\377\000M\000I\0000\0008\0007\000:\000\040\0005\000\040\000C\000E\000R\000C\000H\000I\000\040\000S\000E\000R\000E\000G\000N\000O}{}% 153
\BOOKMARK [1][]{section.154}{\376\377\000M\000I\0000\0008\0009\000:\000\040\000P\000R\000O\000\040\000S\000E\000S\000T\000O\000\040\000A\000T\000L\000.\000\040\000C\000E\000R\000N\000U\000S\000C\000O}{}% 154
\BOOKMARK [1][]{section.155}{\376\377\000M\000I\0000\0009\0003\000:\000\040\000S\000E\000Z\000.\000\040\000A\000T\000L\000.\000\040\000O\000R\000A\000T\000O\000R\000I\000O\000\040\000C\000O\000R\000N\000A\000R\000E\000D\000O}{}% 155
\BOOKMARK [1][]{section.156}{\376\377\000M\000I\0001\0005\0008\000:\000\040\000A\000T\000L\000.\000\040\000G\000E\000S\000S\000A\000T\000E}{}% 156
\BOOKMARK [1][]{section.157}{\376\377\000M\000I\0001\0006\0000\000:\000\040\000S\000.\000O\000.\000I\000.\000\040\000I\000N\000V\000E\000R\000U\000N\000O}{}% 157
\BOOKMARK [1][]{section.158}{\376\377\000M\000I\0001\0006\0001\000:\000\040\000A\000T\000L\000E\000T\000I\000C\000A\000\040\000P\000.\000A\000.\000R\000.\000\040\000C\000A\000N\000E\000G\000R\000A\000T\000E}{}% 158
\BOOKMARK [1][]{section.159}{\376\377\000M\000I\0002\0001\0004\000:\000\040\000A\000T\000L\000.\000\040\000V\000I\000S\000\040\000N\000O\000V\000A\000\040\000G\000I\000U\000S\000S\000A\000N\000O}{}% 159
\BOOKMARK [1][]{section.160}{\376\377\000M\000I\0002\0001\0008\000:\000\040\000N\000.\000A\000T\000L\000.\000\040\000F\000A\000N\000F\000U\000L\000L\000A\000\040\000L\000O\000D\000I\000G\000I\000A\000N\000A}{}% 160
\BOOKMARK [1][]{section.161}{\376\377\000M\000I\0002\0002\0001\000:\000\040\000B\000R\000A\000C\000C\000O\000\040\000A\000T\000L\000E\000T\000I\000C\000A}{}% 161
\BOOKMARK [1][]{section.162}{\376\377\000M\000I\0002\0004\0002\000:\000\040\000A\000L\000A\000\040\000A\000T\000L\000.\000\040\000A\000B\000B\000I\000A\000T\000E\000G\000R\000A\000S\000S\000O}{}% 162
\BOOKMARK [1][]{section.163}{\376\377\000M\000I\0002\0004\0004\000:\000\040\000U\000.\000S\000.\000\040\000S\000A\000N\000G\000I\000O\000R\000G\000E\000S\000E}{}% 163
\BOOKMARK [1][]{section.164}{\376\377\000M\000I\0002\0006\0005\000:\000\040\000R\000O\000A\000D\000\040\000R\000U\000N\000N\000E\000R\000S\000\040\000C\000L\000U\000B\000\040\000M\000I\000L\000A\000N\000O}{}% 164
\BOOKMARK [1][]{section.165}{\376\377\000M\000I\0003\0003\0000\000:\000\040\000A\000S\000P\000E\000S\000\040\000S\000S\000D\000\040\000R\000L}{}% 165
\BOOKMARK [1][]{section.166}{\376\377\000M\000I\0003\0005\0002\000:\000\040\000E\000U\000R\000O\000A\000T\000L\000E\000T\000I\000C\000A\000\040\0002\0000\0000\0002}{}% 166
\BOOKMARK [1][]{section.167}{\376\377\000M\000I\0007\0001\0000\000:\000\040\000A\000S\000D\000\040\000A\000T\000L\000E\000T\000I\000C\000A\000\040\000M\000O\000N\000Z\000A}{}% 167
\BOOKMARK [1][]{section.168}{\376\377\000M\000I\0007\0007\0000\000:\000\040\000A\000T\000L\000E\000T\000I\000C\000A\000\040\000M\000E\000N\000E\000G\000H\000I\000N\000A}{}% 168
\BOOKMARK [1][]{section.169}{\376\377\000M\000I\0007\0007\0004\000:\000\040\000T\000E\000A\000M\000-\000A\000\040\000L\000O\000M\000B\000A\000R\000D\000I\000A}{}% 169
\BOOKMARK [1][]{section.170}{\376\377\000M\000I\0007\0009\0008\000:\000\040\000M\000I\000L\000A\000N\000O\000\040\000A\000T\000L\000E\000T\000I\000C\000A}{}% 170
\BOOKMARK [1][]{section.171}{\376\377\000M\000I\0008\0002\0000\000:\000\040\000R\000I\000C\000C\000A\000R\000D\000I\000\040\000A\000C\000A\000D\000E\000M\000Y\000\040\000A\000S\000D}{}% 171
\BOOKMARK [1][]{section.172}{\376\377\000M\000I\0008\0004\0004\000:\000\040\000A\000T\000H\000L\000E\000T\000I\000C\000\040\000E\000L\000I\000T\000E\000\040\000T\000R\000A\000C\000K\000\040\000A\000N\000D\000\040\000F\000I\000E\000L\000D}{}% 172
\BOOKMARK [1][]{section.173}{\376\377\000M\000I\0009\0002\0002\000:\000\040\000A\000T\000L\000E\000T\000I\000C\000A\000\040\000D\000E\000S\000I\000O\000\040\000A\000S\000D}{}% 173
\BOOKMARK [1][]{section.174}{\376\377\000M\000N\0000\0004\0003\000:\000\040\000A\000S\000D\000\040\000L\000I\000B\000.\000\040\000M\000A\000N\000T\000O\000V\000A\000\040\000M\000A\000S\000C\000H\000-\000F\000E\000M\000M\000.}{}% 174
\BOOKMARK [1][]{section.175}{\376\377\000M\000N\0004\0000\0006\000:\000\040\000A\000T\000L\000.\000\040\000R\000I\000G\000O\000L\000E\000T\000T\000O}{}% 175
\BOOKMARK [1][]{section.176}{\376\377\000M\000O\0000\0005\0002\000:\000\040\000A\000S\000D\000\040\000L\000A\000\040\000F\000R\000A\000T\000E\000L\000L\000A\000N\000Z\000A\000\040\0001\0008\0007\0004}{}% 176
\BOOKMARK [1][]{section.177}{\376\377\000M\000O\0000\0005\0007\000:\000\040\000S\000.\000G\000.\000L\000A\000\040\000P\000A\000T\000R\000I\000A\000\040\0001\0008\0007\0009\000\040\000C\000A\000R\000P\000I}{}% 177
\BOOKMARK [1][]{section.178}{\376\377\000M\000O\0000\0006\0000\000:\000\040\000P\000O\000L\000.\000\040\000C\000A\000S\000T\000E\000L\000F\000R\000A\000N\000C\000O\000\040\000E\000M\000I\000L\000I\000A}{}% 178
\BOOKMARK [1][]{section.179}{\376\377\000M\000O\0004\0009\0007\000:\000\040\000M\000O\000D\000E\000N\000A\000\040\000A\000T\000L\000E\000T\000I\000C\000A\000\040\000A\000S\000D}{}% 179
\BOOKMARK [1][]{section.180}{\376\377\000N\000A\0000\0006\0004\000:\000\040\000A\000.\000P\000.\000D\000.\000\040\000A\000M\000A\000T\000O\000R\000I\000\040\000A\000T\000L\000E\000T\000I\000C\000A\000\040\000N\000A\000P\000O\000L\000I}{}% 180
\BOOKMARK [1][]{section.181}{\376\377\000N\000A\0009\0006\0005\000:\000\040\000R\000U\000N\000N\000I\000N\000G\000\040\000C\000L\000U\000B\000\040\000N\000A\000P\000O\000L\000I}{}% 181
\BOOKMARK [1][]{section.182}{\376\377\000N\000O\0000\0000\0001\000:\000\040\000S\000O\000C\000I\000E\000T\000A\000'\000\040\000A\000T\000L\000E\000T\000I\000C\000A\000\040\000B\000E\000L\000L\000I\000N\000Z\000A\000G\000O}{}% 182
\BOOKMARK [1][]{section.183}{\376\377\000N\000O\0000\0000\0004\000:\000\040\000A\000.\000S\000.\000D\000.\000\040\000G\000.\000A\000.\000O\000.\000\040\000O\000L\000E\000G\000G\000I\000O}{}% 183
\BOOKMARK [1][]{section.184}{\376\377\000N\000O\0000\0002\0000\000:\000\040\000T\000E\000A\000M\000\040\000A\000T\000L\000E\000T\000I\000C\000O\000-\000M\000E\000R\000C\000U\000R\000I\000O\000\040\000N\000O\000V\000A\000R\000A}{}% 184
\BOOKMARK [1][]{section.185}{\376\377\000P\000A\0000\0000\0001\000:\000\040\000A\000.\000S\000.\000D\000.\000\040\000C\000.\000U\000.\000S\000.\000\040\000P\000A\000L\000E\000R\000M\000O}{}% 185
\BOOKMARK [1][]{section.186}{\376\377\000P\000A\0007\0004\0009\000:\000\040\000A\000S\000D\000\040\000S\000I\000C\000I\000L\000I\000A\000\040\000R\000U\000N\000N\000I\000N\000G\000\040\000T\000E\000A\000M}{}% 186
\BOOKMARK [1][]{section.187}{\376\377\000P\000C\0000\0008\0004\000:\000\040\000A\000T\000L\000.\000\040\000P\000I\000A\000C\000E\000N\000Z\000A}{}% 187
\BOOKMARK [1][]{section.188}{\376\377\000P\000C\0004\0006\0001\000:\000\040\000A\000.\000S\000.\000D\000.\000\040\000A\000T\000L\000E\000T\000I\000C\000A\000\040\000C\000I\000N\000Q\000U\000E\000\040\000C\000E\000R\000C\000H\000I}{}% 188
\BOOKMARK [1][]{section.189}{\376\377\000P\000D\0001\0003\0001\000:\000\040\000G\000.\000S\000.\000\040\000F\000I\000A\000M\000M\000E\000\040\000O\000R\000O\000\040\000P\000A\000D\000O\000V\000A}{}% 189
\BOOKMARK [1][]{section.190}{\376\377\000P\000D\0001\0003\0007\000:\000\040\000C\000.\000A\000.\000S\000.\000A\000.\000\040\000A\000T\000L\000E\000T\000I\000C\000A}{}% 190
\BOOKMARK [1][]{section.191}{\376\377\000P\000D\0001\0004\0000\000:\000\040\000A\000S\000S\000I\000N\000D\000U\000S\000T\000R\000I\000A\000\040\000S\000P\000O\000R\000T}{}% 191
\BOOKMARK [1][]{section.192}{\376\377\000P\000D\0001\0004\0001\000:\000\040\000A\000T\000L\000E\000T\000I\000C\000A\000\040\000V\000I\000S\000\040\000A\000B\000A\000N\000O}{}% 192
\BOOKMARK [1][]{section.193}{\376\377\000P\000D\0001\0004\0003\000:\000\040\000C\000.\000U\000.\000S\000.\000\040\000P\000A\000D\000O\000V\000A}{}% 193
\BOOKMARK [1][]{section.194}{\376\377\000P\000D\0001\0004\0006\000:\000\040\000A\000T\000L\000E\000T\000I\000C\000A\000\040\000L\000I\000B\000.\000\040\000S\000.\000A\000.\000N\000.\000P\000.}{}% 194
\BOOKMARK [1][]{section.195}{\376\377\000P\000D\0001\0006\0001\000:\000\040\000A\000T\000L\000E\000T\000I\000C\000A\000\040\000G\000A\000L\000L\000I\000E\000R\000A\000\040\000V\000E\000N\000E\000T\000A}{}% 195
\BOOKMARK [1][]{section.196}{\376\377\000P\000D\0001\0009\0007\000:\000\040\000C\000O\000R\000P\000O\000\040\000L\000I\000B\000E\000R\000O\000\040\000S\000S\000D\000\040\000A\000R\000L}{}% 196
\BOOKMARK [1][]{section.197}{\376\377\000P\000E\0000\0000\0001\000:\000\040\000A\000S\000D\000\040\000U\000.\000S\000.\000\040\000A\000T\000E\000R\000N\000O\000\040\000P\000E\000S\000C\000A\000R\000A}{}% 197
\BOOKMARK [1][]{section.198}{\376\377\000P\000E\0001\0007\0005\000:\000\040\000P\000A\000S\000S\000O\000L\000O\000G\000I\000C\000O}{}% 198
\BOOKMARK [1][]{section.199}{\376\377\000P\000G\0000\0001\0008\000:\000\040\000A\000T\000L\000.\000\040\000A\000R\000C\000S\000\040\000C\000U\000S\000\040\000P\000E\000R\000U\000G\000I\000A}{}% 199
\BOOKMARK [1][]{section.200}{\376\377\000P\000G\0000\0007\0000\000:\000\040\000A\000T\000L\000E\000T\000I\000C\000A\000\040\000W\000I\000N\000N\000E\000R\000\040\000F\000O\000L\000I\000G\000N\000O}{}% 200
\BOOKMARK [1][]{section.201}{\376\377\000P\000G\0000\0008\0009\000:\000\040\000A\000.\000S\000.\000D\000\040\000E\000D\000U\000C\000A\000R\000E\000\040\000C\000O\000N\000\040\000I\000L\000\040\000M\000O\000V\000I\000M\000E\000N\000T\000O}{}% 201
\BOOKMARK [1][]{section.202}{\376\377\000P\000G\0001\0000\0009\000:\000\040\000A\000T\000L\000E\000T\000I\000C\000A\000\040\000P\000E\000R\000U\000G\000I\000A\000\040\000T\000E\000A\000M\000\040\000S\000S\000D\000\040\000A\000\040\000R\000L}{}% 202
\BOOKMARK [1][]{section.203}{\376\377\000P\000I\0000\0007\0001\000:\000\040\000C\000U\000S\000\040\000P\000I\000S\000A}{}% 203
\BOOKMARK [1][]{section.204}{\376\377\000P\000I\0000\0008\0001\000:\000\040\000A\000T\000L\000E\000T\000I\000C\000A\000\040\000C\000A\000S\000C\000I\000N\000A}{}% 204
\BOOKMARK [1][]{section.205}{\376\377\000P\000I\0001\0004\0004\000:\000\040\000A\000S\000D\000\040\000P\000O\000N\000T\000E\000D\000E\000R\000A\000\040\000A\000T\000L\000E\000T\000I\000C\000A}{}% 205
\BOOKMARK [1][]{section.206}{\376\377\000P\000I\0004\0007\0003\000:\000\040\000A\000S\000D\000\040\000S\000A\000N\000\040\000G\000I\000U\000L\000I\000A\000N\000O\000\040\000S\000P\000O\000R\000T}{}% 206
\BOOKMARK [1][]{section.207}{\376\377\000P\000N\0000\0000\0002\000:\000\040\000L\000I\000B\000\040\000S\000A\000N\000V\000I\000T\000E\000S\000E\000\040\000A\000.\000L\000.\000\040\000O\000.\000\040\000D\000U\000R\000I\000G\000O\000N}{}% 207
\BOOKMARK [1][]{section.208}{\376\377\000P\000N\0000\0002\0004\000:\000\040\000N\000U\000O\000V\000A\000\040\000P\000O\000L\000.\000\040\000D\000I\000L\000.\000L\000I\000B\000E\000R\000T\000A\000S\000\040\000S\000A\000C\000I\000L\000E}{}% 208
\BOOKMARK [1][]{section.209}{\376\377\000P\000N\0000\0002\0005\000:\000\040\000L\000I\000B\000E\000R\000T\000A\000S\000\040\000C\000A\000S\000A\000R\000S\000A}{}% 209
\BOOKMARK [1][]{section.210}{\376\377\000P\000N\0000\0003\0009\000:\000\040\000A\000T\000L\000\040\000B\000R\000U\000G\000N\000E\000R\000A\000\040\000P\000N\000\040\000F\000R\000I\000U\000L\000I\000N\000T\000A\000G\000L\000I}{}% 210
\BOOKMARK [1][]{section.211}{\376\377\000P\000N\0000\0004\0009\000:\000\040\000P\000O\000L\000I\000S\000P\000O\000R\000T\000I\000V\000A\000\040\000A\000Z\000Z\000A\000N\000E\000S\000E}{}% 211
\BOOKMARK [1][]{section.212}{\376\377\000P\000N\0000\0008\0008\000:\000\040\000A\000T\000L\000E\000T\000I\000C\000A\000\040\000D\000O\000L\000O\000M\000I\000T\000I\000\040\000F\000R\000I\000U\000L\000A\000N\000E}{}% 212
\BOOKMARK [1][]{section.213}{\376\377\000P\000N\0005\0002\0008\000:\000\040\000A\000T\000L\000E\000T\000I\000C\000A\000\040\000E\000D\000I\000L\000M\000A\000R\000K\000E\000T\000\040\000S\000A\000N\000D\000R\000I\000N}{}% 213
\BOOKMARK [1][]{section.214}{\376\377\000P\000O\0001\0004\0009\000:\000\040\000A\000S\000D\000\040\000A\000T\000L\000E\000T\000I\000C\000A\000\040\000P\000R\000A\000T\000O}{}% 214
\BOOKMARK [1][]{section.215}{\376\377\000P\000R\0000\0006\0008\000:\000\040\000C\000.\000U\000.\000S\000.\000\040\000P\000A\000R\000M\000A}{}% 215
\BOOKMARK [1][]{section.216}{\376\377\000P\000R\0000\0007\0007\000:\000\040\000A\000T\000L\000E\000T\000I\000C\000A\000\040\000P\000A\000R\000M\000A\000\040\000S\000P\000R\000I\000N\000T}{}% 216
\BOOKMARK [1][]{section.217}{\376\377\000P\000R\0004\0003\0006\000:\000\040\000C\000I\000R\000C\000O\000L\000O\000\040\000M\000I\000N\000E\000R\000V\000A\000\040\000A\000S\000D}{}% 217
\BOOKMARK [1][]{section.218}{\376\377\000P\000T\0001\0001\0005\000:\000\040\000P\000I\000S\000T\000O\000I\000A\000T\000L\000E\000T\000I\000C\000A\000\040\0001\0009\0008\0003}{}% 218
\BOOKMARK [1][]{section.219}{\376\377\000P\000T\0001\0001\0008\000:\000\040\000A\000S\000D\000\040\000A\000T\000L\000E\000T\000I\000C\000A\000\040\000P\000I\000S\000T\000O\000I\000A}{}% 219
\BOOKMARK [1][]{section.220}{\376\377\000P\000U\0000\0000\0001\000:\000\040\000A\000T\000L\000E\000T\000I\000C\000A\000\040\000F\000A\000N\000O\000\040\000T\000E\000C\000H\000F\000E\000M}{}% 220
\BOOKMARK [1][]{section.221}{\376\377\000P\000U\0000\0002\0007\000:\000\040\000P\000E\000S\000A\000R\000O\000\040\000A\000T\000H\000L\000E\000T\000I\000C\000\040\000F\000I\000E\000L\000D}{}% 221
\BOOKMARK [1][]{section.222}{\376\377\000P\000V\0001\0000\0008\000:\000\040\000C\000.\000U\000.\000S\000.\000\040\000P\000A\000V\000I\000A}{}% 222
\BOOKMARK [1][]{section.223}{\376\377\000P\000V\0001\0001\0000\000:\000\040\000A\000T\000L\000.\000\040\000C\000E\000N\000T\000O\000\040\000T\000O\000R\000R\000I\000\040\000P\000A\000V\000I\000A}{}% 223
\BOOKMARK [1][]{section.224}{\376\377\000P\000V\0002\0004\0005\000:\000\040\000A\000T\000L\000.\000\040\000I\000R\000I\000E\000N\000S\000E\000\040\000V\000O\000G\000H\000E\000R\000A}{}% 224
\BOOKMARK [1][]{section.225}{\376\377\000P\000V\0004\0001\0000\000:\000\040\000A\000T\000L\000E\000T\000I\000C\000A\000\040\000V\000I\000G\000E\000V\000A\000N\000O}{}% 225
\BOOKMARK [1][]{section.226}{\376\377\000R\000A\0000\0009\0003\000:\000\040\000A\000T\000L\000E\000T\000I\000C\000A\000\040\000L\000U\000G\000O}{}% 226
\BOOKMARK [1][]{section.227}{\376\377\000R\000A\0000\0009\0004\000:\000\040\000A\000T\000L\000E\000T\000I\000C\000A\000\040\0008\0005\000\040\000F\000A\000E\000N\000Z\000A}{}% 227
\BOOKMARK [1][]{section.228}{\376\377\000R\000A\0000\0009\0005\000:\000\040\000A\000T\000L\000E\000T\000I\000C\000A\000\040\000R\000A\000V\000E\000N\000N\000A\000\040\000S\000S\000D\000\040\000A\000\040\000R\000L}{}% 228
\BOOKMARK [1][]{section.229}{\376\377\000R\000E\0001\0000\0005\000:\000\040\000G\000.\000S\000.\000S\000E\000L\000F\000\040\000A\000T\000L\000.\000\040\000M\000O\000N\000T\000A\000N\000A\000R\000I\000\040\000G\000R\000U\000Z\000Z\000A}{}% 229
\BOOKMARK [1][]{section.230}{\376\377\000R\000E\0001\0000\0006\000:\000\040\000C\000A\000L\000C\000E\000S\000T\000R\000U\000Z\000Z\000I\000\040\000C\000O\000R\000R\000A\000D\000I\000N\000I\000\040\000E\000X\000C\000E\000L\000S\000.}{}% 230
\BOOKMARK [1][]{section.231}{\376\377\000R\000E\0001\0000\0007\000:\000\040\000A\000T\000L\000E\000T\000I\000C\000A\000\040\000G\000U\000A\000S\000T\000A\000L\000L\000A\000\040\000R\000E\000G\000G\000I\000O\000L\000O}{}% 231
\BOOKMARK [1][]{section.232}{\376\377\000R\000E\0001\0002\0008\000:\000\040\000A\000T\000L\000.\000\040\000R\000E\000G\000G\000I\000O\000\040\000A\000S\000D}{}% 232
\BOOKMARK [1][]{section.233}{\376\377\000R\000E\0003\0004\0006\000:\000\040\000A\000T\000L\000.\000\040\000C\000A\000S\000T\000E\000L\000N\000O\000V\000O\000\040\000M\000O\000N\000T\000I}{}% 233
\BOOKMARK [1][]{section.234}{\376\377\000R\000I\0002\0002\0003\000:\000\040\000A\000T\000L\000.\000S\000T\000U\000D\000.\000\040\000R\000I\000E\000T\000I\000\040\000A\000N\000D\000R\000E\000A\000\040\000M\000I\000L\000A\000R\000D\000I}{}% 234
\BOOKMARK [1][]{section.235}{\376\377\000R\000M\0000\0000\0002\000:\000\040\000G\000.\000S\000.\000\040\000F\000I\000A\000M\000M\000E\000\040\000A\000Z\000Z\000U\000R\000R\000E}{}% 235
\BOOKMARK [1][]{section.236}{\376\377\000R\000M\0000\0000\0005\000:\000\040\000A\000T\000L\000.\000\040\000S\000A\000B\000A\000T\000I\000N\000A}{}% 236
\BOOKMARK [1][]{section.237}{\376\377\000R\000M\0000\0001\0004\000:\000\040\000A\000.\000S\000.\000D\000.\000\040\000L\000I\000B\000E\000R\000A\000T\000L\000E\000T\000I\000C\000A}{}% 237
\BOOKMARK [1][]{section.238}{\376\377\000R\000M\0000\0004\0006\000:\000\040\000A\000S\000D\000\040\000A\000C\000S\000I\000\040\000A\000T\000L\000E\000T\000I\000C\000A\000\040\000C\000A\000M\000P\000I\000D\000O\000G\000L\000I\000O}{}% 238
\BOOKMARK [1][]{section.239}{\376\377\000R\000M\0000\0005\0000\000:\000\040\000S\000.\000S\000.\000\040\000L\000A\000Z\000I\000O\000\040\000A\000T\000L\000E\000T\000I\000C\000A\000\040\000L\000E\000G\000G\000E\000R\000A}{}% 239
\BOOKMARK [1][]{section.240}{\376\377\000R\000M\0000\0005\0002\000:\000\040\000C\000.\000S\000.\000\040\000E\000S\000E\000R\000C\000I\000T\000O}{}% 240
\BOOKMARK [1][]{section.241}{\376\377\000R\000M\0000\0005\0006\000:\000\040\000G\000.\000A\000.\000\040\000F\000I\000A\000M\000M\000E\000\040\000G\000I\000A\000L\000L\000E}{}% 241
\BOOKMARK [1][]{section.242}{\376\377\000R\000M\0000\0005\0007\000:\000\040\000F\000I\000A\000M\000M\000E\000\040\000G\000I\000A\000L\000L\000E\000\040\000G\000.\000\040\000S\000I\000M\000O\000N\000I}{}% 242
\BOOKMARK [1][]{section.243}{\376\377\000R\000M\0000\0006\0008\000:\000\040\000T\000I\000R\000R\000E\000N\000O\000\040\000A\000T\000L\000E\000T\000I\000C\000A\000\040\000C\000I\000V\000I\000T\000A\000V\000E\000C\000C\000H\000I\000A}{}% 243
\BOOKMARK [1][]{section.244}{\376\377\000R\000M\0000\0007\0001\000:\000\040\000A\000.\000S\000.\000D\000.\000\040\000K\000R\000O\000N\000O\000S\000\040\000R\000O\000M\000A}{}% 244
\BOOKMARK [1][]{section.245}{\376\377\000R\000M\0001\0001\0003\000:\000\040\000A\000S\000D\000\040\000N\000I\000S\000S\000O\000L\000I\000N\000O\000\040\000A\000T\000L\000.\000\040\000A\000R\000E\000A\000\040\000R\000O\000M\000A}{}% 245
\BOOKMARK [1][]{section.246}{\376\377\000R\000M\0001\0001\0005\000:\000\040\000A\000S\000D\000\040\000A\000T\000L\000E\000T\000I\000C\000A\000\040\000L\000A\000\040\000S\000B\000A\000R\000R\000A\000\040\000R\000O\000M\000A}{}% 246
\BOOKMARK [1][]{section.247}{\376\377\000R\000M\0001\0003\0001\000:\000\040\000A\000.\000S\000.\000D\000.\000\040\000A\000C\000S\000I\000\040\000F\000U\000T\000U\000R\000A\000T\000L\000E\000T\000I\000C\000A}{}% 247
\BOOKMARK [1][]{section.248}{\376\377\000R\000M\0001\0006\0001\000:\000\040\000A\000T\000L\000.\000\040\000R\000O\000M\000A\000\040\000A\000C\000Q\000U\000A\000C\000E\000T\000O\000S\000A}{}% 248
\BOOKMARK [1][]{section.249}{\376\377\000R\000M\0002\0001\0008\000:\000\040\000A\000L\000\040\000S\000P\000O\000R\000T\000\040\000\046\000\040\000G\000I\000O\000V\000A\000N\000I\000\040\000A\000S\000D}{}% 249
\BOOKMARK [1][]{section.250}{\376\377\000R\000M\0002\0003\0002\000:\000\040\000A\000S\000D\000\040\000R\000O\000M\000A\000T\000L\000E\000T\000I\000C\000A}{}% 250
\BOOKMARK [1][]{section.251}{\376\377\000R\000M\0002\0004\0003\000:\000\040\000S\000P\000O\000R\000T\000\040\000R\000A\000C\000E\000\040\000S\000.\000S\000.\000D\000.\000\040\000A\000\040\000R\000.\000L\000.}{}% 251
\BOOKMARK [1][]{section.252}{\376\377\000R\000M\0003\0004\0002\000:\000\040\000A\000T\000L\000E\000T\000I\000C\000A\000\040\000T\000I\000V\000O\000L\000I}{}% 252
\BOOKMARK [1][]{section.253}{\376\377\000R\000M\0003\0006\0002\000:\000\040\000A\000.\000S\000.\000D\000.\000\040\000A\000T\000L\000E\000T\000I\000C\000A\000\040\000T\000O\000R\000\040\000T\000R\000E\000\040\000T\000E\000S\000T\000E}{}% 253
\BOOKMARK [1][]{section.254}{\376\377\000R\000M\0003\0006\0003\000:\000\040\000S\000S\000D\000\040\000N\000I\000S\000S\000O\000L\000I\000N\000O\000\040\000S\000P\000O\000R\000T\000\040\000S\000R\000L\000\040\000A\000S\000U}{}% 254
\BOOKMARK [1][]{section.255}{\376\377\000R\000M\0003\0006\0004\000:\000\040\000A\000S\000D\000\040\000M\000O\000N\000T\000I\000\040\000A\000V\000E\000N\000T\000I\000N\000O}{}% 255
\BOOKMARK [1][]{section.256}{\376\377\000R\000M\0003\0006\0007\000:\000\040\000A\000.\000S\000.\000D\000.\000\040\000P\000.\000\040\000A\000S\000T\000R\000A\000\040\000A\000T\000L\000E\000T\000I\000C\000A}{}% 256
\BOOKMARK [1][]{section.257}{\376\377\000R\000M\0004\0000\0004\000:\000\040\000A\000.\000O\000.\000C\000.\000\040\000T\000E\000A\000M\000\040\000S\000T\000A\000D\000I\000O\000\040\000P\000A\000O\000L\000O\000\040\000R\000O\000S\000I}{}% 257
\BOOKMARK [1][]{section.258}{\376\377\000R\000M\0004\0001\0006\000:\000\040\000A\000S\000D\000\040\000N\000I\000S\000S\000O\000L\000I\000N\000O\000\040\000O\000S\000T\000I\000A\000\040\000A\000T\000L\000E\000T\000I\000C\000A}{}% 258
\BOOKMARK [1][]{section.259}{\376\377\000R\000N\0000\0003\0007\000:\000\040\000G\000.\000S\000.\000\040\000A\000T\000L\000E\000T\000I\000C\000A\000\040\0007\0005\000\040\000C\000A\000T\000T\000O\000L\000I\000C\000A}{}% 259
\BOOKMARK [1][]{section.260}{\376\377\000R\000N\0002\0007\0003\000:\000\040\000A\000T\000L\000.\000\040\000R\000I\000M\000I\000N\000I\000\040\000N\000O\000R\000D\000\040\000S\000A\000N\000T\000A\000R\000C\000A\000N\000G\000E\000L\000O}{}% 260
\BOOKMARK [1][]{section.261}{\376\377\000R\000N\0004\0007\0001\000:\000\040\000A\000T\000L\000E\000T\000I\000C\000A\000\040\000S\000A\000N\000T\000A\000M\000O\000N\000I\000C\000A\000\040\000M\000I\000S\000A\000N\000O}{}% 261
\BOOKMARK [1][]{section.262}{\376\377\000R\000O\0003\0001\0003\000:\000\040\000D\000I\000S\000C\000O\000B\000O\000L\000O\000\040\000A\000T\000L\000E\000T\000I\000C\000A\000\040\000R\000O\000V\000I\000G\000O\000\040\000A\000S\000D}{}% 262
\BOOKMARK [1][]{section.263}{\376\377\000R\000S\0000\0001\0000\000:\000\040\000L\000I\000B\000.\000A\000T\000L\000.\000\040\000C\000A\000S\000T\000E\000L\000G\000A\000N\000D\000O\000L\000F\000O\000-\000A\000L\000B\000A\000N\000O}{}% 263
\BOOKMARK [1][]{section.264}{\376\377\000R\000S\0000\0005\0000\000:\000\040\000A\000.\000S\000.\000D\000.\000\040\000O\000L\000I\000M\000P\000I\000A\000\040\000A\000T\000L\000E\000T\000I\000C\000A}{}% 264
\BOOKMARK [1][]{section.265}{\376\377\000R\000S\0000\0006\0007\000:\000\040\000A\000.\000S\000.\000D\000.\000\040\000A\000T\000L\000.\000\040\000P\000O\000M\000E\000Z\000I\000A}{}% 265
\BOOKMARK [1][]{section.266}{\376\377\000R\000S\0000\0008\0002\000:\000\040\000A\000T\000L\000E\000T\000I\000C\000A\000\040\000L\000A\000N\000U\000V\000I\000U\000M\000\040\000N\000E\000P\000T\000U\000N\000I\000A\000\040\000A\000S\000D}{}% 266
\BOOKMARK [1][]{section.267}{\376\377\000R\000S\0005\0002\0001\000:\000\040\000A\000S\000D\000\040\000N\000I\000S\000S\000O\000L\000I\000N\000O\000\040\000A\000T\000L\000.\000\040\000V\000E\000L\000L\000E\000T\000R\000I}{}% 267
\BOOKMARK [1][]{section.268}{\376\377\000S\000A\0001\0002\0006\000:\000\040\000A\000S\000D\000\040\000A\000T\000L\000E\000T\000I\000C\000A\000\040\000V\000I\000S\000\040\000N\000O\000V\000A}{}% 268
\BOOKMARK [1][]{section.269}{\376\377\000S\000A\0001\0002\0007\000:\000\040\000I\000D\000E\000A\000T\000L\000E\000T\000I\000C\000A\000\040\000A\000U\000R\000O\000R\000A}{}% 269
\BOOKMARK [1][]{section.270}{\376\377\000S\000A\0001\0002\0008\000:\000\040\000A\000.\000S\000.\000D\000.\000\040\000A\000T\000L\000.\000\040\000A\000G\000R\000O\000P\000O\000L\000I}{}% 270
\BOOKMARK [1][]{section.271}{\376\377\000S\000A\0006\0004\0005\000:\000\040\000A\000S\000D\000\040\000D\000O\000N\000A\000T\000E\000L\000L\000A\000\040\000E\000B\000O\000L\000I\000\040\000A\000T\000L\000E\000T\000I\000C\000A}{}% 271
\BOOKMARK [1][]{section.272}{\376\377\000S\000I\0000\0004\0003\000:\000\040\000U\000I\000S\000P\000\040\000A\000T\000L\000E\000T\000I\000C\000A\000\040\000S\000I\000E\000N\000A}{}% 272
\BOOKMARK [1][]{section.273}{\376\377\000S\000I\0003\0006\0001\000:\000\040\000A\000T\000L\000E\000T\000I\000C\000A\000\040\0002\0000\0000\0005}{}% 273
\BOOKMARK [1][]{section.274}{\376\377\000S\000M\0002\0007\0008\000:\000\040\000O\000L\000I\000M\000P\000U\000S\000\040\000S\000A\000N\000\040\000M\000A\000R\000I\000N\000O\000\040\000A\000T\000L\000E\000T\000I\000C\000A}{}% 274
\BOOKMARK [1][]{section.275}{\376\377\000S\000P\0000\0004\0002\000:\000\040\000A\000.\000S\000.\000\040\000A\000T\000L\000E\000T\000I\000C\000A\000\040\000S\000A\000R\000Z\000A\000N\000A}{}% 275
\BOOKMARK [1][]{section.276}{\376\377\000S\000P\0005\0007\0003\000:\000\040\000A\000S\000D\000\040\000A\000T\000L\000E\000T\000I\000C\000A\000\040\000S\000P\000E\000Z\000I\000A\000\040\000D\000U\000F\000E\000R\000C\000O}{}% 276
\BOOKMARK [1][]{section.277}{\376\377\000S\000R\0001\0002\0008\000:\000\040\000A\000.\000S\000.\000\040\000D\000I\000L\000.\000\040\000M\000I\000L\000O\000N\000E}{}% 277
\BOOKMARK [1][]{section.278}{\376\377\000S\000R\0001\0003\0000\000:\000\040\000A\000.\000S\000.\000D\000I\000L\000.\000\040\000A\000T\000L\000E\000T\000I\000C\000A\000\040\000S\000I\000R\000A\000C\000U\000S\000A}{}% 278
\BOOKMARK [1][]{section.279}{\376\377\000S\000R\0002\0004\0008\000:\000\040\000S\000I\000R\000A\000C\000U\000S\000A\000T\000L\000E\000T\000I\000C\000A}{}% 279
\BOOKMARK [1][]{section.280}{\376\377\000S\000S\0002\0002\0000\000:\000\040\000A\000.\000S\000.\000D\000.\000\040\000I\000C\000H\000N\000O\000S\000\040\000S\000A\000S\000S\000A\000R\000I}{}% 280
\BOOKMARK [1][]{section.281}{\376\377\000S\000S\0002\0002\0008\000:\000\040\000S\000H\000A\000R\000D\000A\000N\000A\000\040\000A\000S\000D}{}% 281
\BOOKMARK [1][]{section.282}{\376\377\000S\000S\0002\0008\0004\000:\000\040\000A\000.\000S\000.\000D\000.\000\040\000A\000C\000A\000D\000E\000M\000Y\000\040\000O\000L\000B\000I\000A\000\040\000A\000T\000L\000E\000T\000I\000C\000A}{}% 282
\BOOKMARK [1][]{section.283}{\376\377\000S\000V\0000\0001\0009\000:\000\040\000A\000T\000L\000E\000T\000I\000C\000A\000\040\000V\000A\000R\000A\000Z\000Z\000E}{}% 283
\BOOKMARK [1][]{section.284}{\376\377\000S\000V\0000\0002\0002\000:\000\040\000C\000E\000N\000T\000R\000O\000\040\000A\000T\000L\000E\000T\000I\000C\000A\000\040\000C\000E\000L\000L\000E\000\040\000L\000I\000G\000U\000R\000E}{}% 284
\BOOKMARK [1][]{section.285}{\376\377\000S\000V\0000\0002\0006\000:\000\040\000A\000.\000S\000.\000D\000.\000\040\000A\000T\000L\000E\000T\000I\000C\000A\000\040\000A\000L\000B\000A\000\040\000D\000O\000C\000I\000L\000I\000A}{}% 285
\BOOKMARK [1][]{section.286}{\376\377\000S\000V\0000\0007\0000\000:\000\040\000A\000T\000L\000E\000T\000I\000C\000A\000\040\000A\000R\000C\000O\000B\000A\000L\000E\000N\000O\000\040\000S\000A\000V\000O\000N\000A}{}% 286
\BOOKMARK [1][]{section.287}{\376\377\000T\000A\0004\0000\0008\000:\000\040\000A\000.\000S\000\040\000P\000O\000D\000I\000S\000T\000I\000C\000A\000\040\000T\000A\000R\000A\000S}{}% 287
\BOOKMARK [1][]{section.288}{\376\377\000T\000E\0001\0003\0008\000:\000\040\000A\000S\000D\000\040\000A\000T\000L\000E\000T\000I\000C\000A\000\040\000G\000R\000A\000N\000\040\000S\000A\000S\000S\000O\000\040\000T\000E\000R\000A\000M\000O}{}% 288
\BOOKMARK [1][]{section.289}{\376\377\000T\000N\0001\0000\0001\000:\000\040\000A\000T\000L\000E\000T\000I\000C\000A\000\040\000T\000R\000E\000N\000T\000O}{}% 289
\BOOKMARK [1][]{section.290}{\376\377\000T\000N\0001\0000\0002\000:\000\040\000A\000T\000L\000.\000\040\000V\000A\000L\000L\000I\000\040\000D\000I\000\040\000N\000O\000N\000\040\000E\000\040\000S\000O\000L\000E}{}% 290
\BOOKMARK [1][]{section.291}{\376\377\000T\000N\0001\0000\0004\000:\000\040\000G\000S\000\040\000V\000A\000L\000S\000U\000G\000A\000N\000A\000\040\000T\000R\000E\000N\000T\000I\000N\000O}{}% 291
\BOOKMARK [1][]{section.292}{\376\377\000T\000N\0001\0000\0009\000:\000\040\000U\000.\000S\000.\000\040\000Q\000U\000E\000R\000C\000I\000A\000\040\000D\000A\000O\000\040\000C\000O\000N\000A\000D}{}% 292
\BOOKMARK [1][]{section.293}{\376\377\000T\000N\0001\0003\0001\000:\000\040\000L\000A\000G\000A\000R\000I\000N\000A\000\040\000C\000R\000U\000S\000\040\000T\000E\000A\000M}{}% 293
\BOOKMARK [1][]{section.294}{\376\377\000T\000N\0001\0003\0005\000:\000\040\000A\000T\000L\000E\000T\000I\000C\000A\000\040\000A\000L\000T\000O\000\040\000G\000A\000R\000D\000A\000\040\000E\000\040\000L\000E\000D\000R\000O}{}% 294
\BOOKMARK [1][]{section.295}{\376\377\000T\000N\0005\0000\0000\000:\000\040\000A\000T\000L\000E\000T\000I\000C\000A\000\040\000V\000A\000L\000L\000E\000\040\000D\000I\000\040\000C\000E\000M\000B\000R\000A}{}% 295
\BOOKMARK [1][]{section.296}{\376\377\000T\000N\0005\0002\0004\000:\000\040\000G\000.\000S\000.\000\040\000T\000R\000I\000L\000A\000C\000U\000M}{}% 296
\BOOKMARK [1][]{section.297}{\376\377\000T\000N\0005\0002\0007\000:\000\040\000A\000T\000L\000E\000T\000I\000C\000A\000\040\000R\000O\000T\000A\000L\000I\000A\000N\000A}{}% 297
\BOOKMARK [1][]{section.298}{\376\377\000T\000O\0000\0000\0001\000:\000\040\000B\000A\000T\000T\000A\000G\000L\000I\000O\000\040\000C\000.\000U\000.\000S\000.\000\040\000T\000O\000R\000I\000N\000O\000\040\000A\000T\000L}{}% 298
\BOOKMARK [1][]{section.299}{\376\377\000T\000O\0000\0000\0002\000:\000\040\000S\000I\000S\000P\000O\000R\000T\000\040\000S\000S\000D}{}% 299
\BOOKMARK [1][]{section.300}{\376\377\000T\000O\0000\0001\0005\000:\000\040\000A\000T\000L\000E\000T\000I\000C\000A\000\040\000C\000A\000N\000A\000V\000E\000S\000A\000N\000A}{}% 300
\BOOKMARK [1][]{section.301}{\376\377\000T\000O\0000\0001\0006\000:\000\040\000A\000S\000D\000P\000\040\000A\000T\000L\000E\000T\000I\000C\000A\000\040\000P\000I\000N\000E\000R\000O\000L\000O}{}% 301
\BOOKMARK [1][]{section.302}{\376\377\000T\000O\0000\0003\0006\000:\000\040\000G\000.\000S\000.\000\040\000A\000T\000L\000E\000T\000I\000C\000A\000\040\000R\000I\000V\000O\000L\000I\000\040\000A\000.\000S\000.\000D\000.}{}% 302
\BOOKMARK [1][]{section.303}{\376\377\000T\000O\0000\0003\0007\000:\000\040\000A\000T\000L\000E\000T\000I\000C\000A\000\040\000I\000V\000R\000E\000A}{}% 303
\BOOKMARK [1][]{section.304}{\376\377\000T\000O\0000\0004\0007\000:\000\040\000A\000.\000S\000.\000D\000.\000\040\000B\000O\000R\000G\000A\000R\000E\000T\000T\000O\000\040\0007\0005}{}% 304
\BOOKMARK [1][]{section.305}{\376\377\000T\000O\0000\0007\0006\000:\000\040\000P\000O\000L\000I\000S\000P\000O\000R\000T\000.\000\040\000N\000O\000V\000A\000T\000L\000E\000T\000I\000C\000A\000\040\000C\000H\000I\000E\000R\000I}{}% 305
\BOOKMARK [1][]{section.306}{\376\377\000T\000O\0001\0006\0004\000:\000\040\000A\000.\000S\000.\000D\000.\000\040\000A\000T\000L\000E\000T\000I\000C\000A\000\040\000T\000E\000A\000M\000\040\000C\000A\000R\000I\000G\000N\000A\000N\000O}{}% 306
\BOOKMARK [1][]{section.307}{\376\377\000T\000O\0002\0002\0006\000:\000\040\000S\000A\000F\000A\000T\000L\000E\000T\000I\000C\000A\000\040\000P\000I\000E\000M\000O\000N\000T\000E\000\040\000A\000S\000D}{}% 307
\BOOKMARK [1][]{section.308}{\376\377\000T\000O\0002\0004\0007\000:\000\040\000S\000A\000F\000A\000T\000L\000E\000T\000I\000C\000A\000\040\000S\000S\000D\000\040\000A\000\040\000R\000L}{}% 308
\BOOKMARK [1][]{section.309}{\376\377\000T\000R\0000\0002\0004\000:\000\040\000A\000S\000S\000.\000A\000T\000L\000.\000L\000I\000B\000E\000R\000T\000A\000S\000\040\000O\000R\000V\000I\000E\000T\000O}{}% 309
\BOOKMARK [1][]{section.310}{\376\377\000T\000R\0000\0004\0000\000:\000\040\000\043\000I\000L\000O\000V\000E\000R\000U\000N\000\040\000A\000T\000H\000L\000E\000T\000I\000C\000\040\000T\000E\000R\000N\000I}{}% 310
\BOOKMARK [1][]{section.311}{\376\377\000T\000S\0000\0004\0004\000:\000\040\000T\000R\000I\000E\000S\000T\000E\000\040\000A\000T\000L\000E\000T\000I\000C\000A}{}% 311
\BOOKMARK [1][]{section.312}{\376\377\000T\000S\0000\0009\0009\000:\000\040\000P\000O\000L\000I\000S\000P\000O\000R\000T\000I\000V\000A\000\040\000T\000R\000I\000V\000E\000N\000E\000T\000O\000\040\000T\000R\000I\000E\000S\000T\000E}{}% 312
\BOOKMARK [1][]{section.313}{\376\377\000T\000S\0001\0000\0000\000:\000\040\000T\000R\000I\000E\000S\000T\000E\000\040\000T\000R\000A\000S\000P\000O\000R\000T\000I\000\040\000A\000T\000L\000.\000\040\000G\000I\000O\000V\000.}{}% 313
\BOOKMARK [1][]{section.314}{\376\377\000T\000S\0005\0003\0006\000:\000\040\000E\000V\000I\000N\000R\000U\000D\000E}{}% 314
\BOOKMARK [1][]{section.315}{\376\377\000T\000V\0003\0003\0005\000:\000\040\000A\000T\000L\000.\000M\000O\000N\000T\000E\000B\000E\000L\000L\000U\000N\000A}{}% 315
\BOOKMARK [1][]{section.316}{\376\377\000T\000V\0003\0003\0009\000:\000\040\000A\000T\000L\000E\000T\000I\000C\000A\000\040\000P\000O\000N\000Z\000A\000N\000O}{}% 316
\BOOKMARK [1][]{section.317}{\376\377\000T\000V\0003\0004\0000\000:\000\040\000A\000T\000L\000E\000T\000I\000C\000A\000\040\000V\000I\000L\000L\000O\000R\000B\000A}{}% 317
\BOOKMARK [1][]{section.318}{\376\377\000T\000V\0003\0004\0001\000:\000\040\000A\000T\000L\000E\000T\000I\000C\000A\000\040\000S\000I\000L\000C\000A\000\040\000C\000O\000N\000E\000G\000L\000I\000A\000N\000O}{}% 318
\BOOKMARK [1][]{section.319}{\376\377\000T\000V\0003\0004\0002\000:\000\040\000A\000T\000L\000E\000T\000I\000C\000A\000\040\000S\000T\000I\000O\000R\000E\000\040\000T\000R\000E\000V\000I\000S\000O}{}% 319
\BOOKMARK [1][]{section.320}{\376\377\000T\000V\0003\0004\0009\000:\000\040\000A\000S\000D\000\040\000A\000T\000L\000E\000T\000I\000C\000A\000\040\000Q\000U\000I\000N\000T\000O}{}% 320
\BOOKMARK [1][]{section.321}{\376\377\000T\000V\0003\0005\0002\000:\000\040\000A\000.\000S\000.\000D\000.\000\040\000A\000T\000L\000E\000T\000I\000C\000A\000\040\000S\000A\000N\000\040\000B\000I\000A\000G\000I\000O}{}% 321
\BOOKMARK [1][]{section.322}{\376\377\000T\000V\0003\0005\0004\000:\000\040\000T\000R\000E\000V\000I\000S\000A\000T\000L\000E\000T\000I\000C\000A}{}% 322
\BOOKMARK [1][]{section.323}{\376\377\000T\000V\0003\0005\0009\000:\000\040\000G\000R\000U\000P\000P\000O\000\040\000A\000T\000L\000E\000T\000I\000C\000A\000\040\000V\000E\000D\000E\000L\000A\000G\000O\000\040\000A\000S\000D}{}% 323
\BOOKMARK [1][]{section.324}{\376\377\000T\000V\0003\0006\0000\000:\000\040\000N\000U\000O\000V\000A\000\040\000A\000T\000L\000E\000T\000I\000C\000A\000\040\000R\000O\000N\000C\000A\000D\000E}{}% 324
\BOOKMARK [1][]{section.325}{\376\377\000T\000V\0003\0009\0008\000:\000\040\000A\000.\000S\000.\000D\000.\000\040\000T\000E\000A\000M\000\040\000T\000R\000E\000V\000I\000S\000O}{}% 325
\BOOKMARK [1][]{section.326}{\376\377\000T\000V\0004\0000\0006\000:\000\040\000A\000T\000L\000-\000E\000T\000I\000C\000A\000\040\000I\000M\000P\000R\000E\000S\000A\000\040\000S\000O\000C\000I\000A\000L\000E\000\040\000S\000S\000D}{}% 326
\BOOKMARK [1][]{section.327}{\376\377\000T\000V\0004\0000\0009\000:\000\040\000V\000I\000T\000T\000O\000R\000I\000O\000\040\000A\000T\000L\000E\000T\000I\000C\000A\000\040\000A\000S\000D\000\040\000A\000P\000S}{}% 327
\BOOKMARK [1][]{section.328}{\376\377\000U\000D\0000\0001\0008\000:\000\040\000L\000I\000B\000E\000R\000T\000A\000S\000\040\000F\000R\000I\000U\000L\000\040\000P\000A\000L\000M\000A\000N\000O\000V\000A}{}% 328
\BOOKMARK [1][]{section.329}{\376\377\000U\000D\0000\0002\0006\000:\000\040\000P\000O\000L\000.\000\040\000L\000I\000B\000.\000\040\000M\000E\000R\000E\000T\000O\000\040\000D\000I\000\040\000T\000O\000M\000B\000A}{}% 329
\BOOKMARK [1][]{section.330}{\376\377\000U\000D\0000\0003\0000\000:\000\040\000A\000T\000L\000E\000T\000I\000C\000A\000\040\000M\000A\000L\000I\000G\000N\000A\000N\000I\000\040\000L\000I\000B\000E\000R\000T\000A\000S\000\040\000U\000D}{}% 330
\BOOKMARK [1][]{section.331}{\376\377\000U\000D\0001\0001\0000\000:\000\040\000A\000T\000L\000E\000T\000I\000C\000A\000\040\0002\0000\0000\0000}{}% 331
\BOOKMARK [1][]{section.332}{\376\377\000U\000D\0001\0002\0001\000:\000\040\000L\000U\000P\000I\000G\000N\000A\000N\000U\000M\000\040\000T\000R\000A\000C\000K\000\046\000F\000I\000E\000L\000D}{}% 332
\BOOKMARK [1][]{section.333}{\376\377\000U\000D\0005\0000\0003\000:\000\040\000G\000E\000M\000O\000N\000A\000T\000L\000E\000T\000I\000C\000A\000\040\000S\000.\000R\000.\000L\000.\000\040\000D\000I\000L\000.}{}% 333
\BOOKMARK [1][]{section.334}{\376\377\000V\000A\0000\0005\0000\000:\000\040\000A\000T\000L\000.\000\040\000C\000A\000I\000R\000A\000T\000E\000S\000E}{}% 334
\BOOKMARK [1][]{section.335}{\376\377\000V\000A\0001\0001\0007\000:\000\040\000A\000T\000L\000.\000\040\000M\000A\000L\000N\000A\000T\000E}{}% 335
\BOOKMARK [1][]{section.336}{\376\377\000V\000A\0001\0001\0009\000:\000\040\000A\000T\000L\000.\000\040\000O\000.\000S\000.\000A\000.\000\040\000S\000A\000R\000O\000N\000N\000O\000\040\000L\000I\000B\000.}{}% 336
\BOOKMARK [1][]{section.337}{\376\377\000V\000A\0001\0002\0001\000:\000\040\000P\000R\000O\000\040\000P\000A\000T\000R\000I\000A\000\040\000A\000.\000R\000.\000C\000.\000\040\000B\000U\000S\000T\000O\000\040\000A\000.}{}% 337
\BOOKMARK [1][]{section.338}{\376\377\000V\000A\0001\0002\0003\000:\000\040\000C\000U\000S\000\040\000I\000N\000S\000U\000B\000R\000I\000A\000\040\000V\000A\000R\000E\000S\000E\000\040\000C\000O\000M\000O}{}% 338
\BOOKMARK [1][]{section.339}{\376\377\000V\000A\0001\0002\0009\000:\000\040\000P\000O\000L\000.\000\040\000O\000L\000O\000N\000I\000A}{}% 339
\BOOKMARK [1][]{section.340}{\376\377\000V\000A\0001\0003\0000\000:\000\040\000N\000.\000\040\000A\000T\000L\000.\000\040\000V\000A\000R\000E\000S\000E}{}% 340
\BOOKMARK [1][]{section.341}{\376\377\000V\000A\0001\0003\0003\000:\000\040\000S\000E\000S\000T\000O\000\040\0007\0006}{}% 341
\BOOKMARK [1][]{section.342}{\376\377\000V\000A\0003\0009\0004\000:\000\040\000A\000T\000L\000.\000\040\000A\000R\000C\000I\000S\000A\000T\000E}{}% 342
\BOOKMARK [1][]{section.343}{\376\377\000V\000A\0004\0007\0006\000:\000\040\000A\000T\000L\000.\000\040\000T\000R\000A\000D\000A\000T\000E}{}% 343
\BOOKMARK [1][]{section.344}{\376\377\000V\000A\0005\0005\0000\000:\000\040\000A\000T\000L\000.\000\040\000G\000A\000V\000I\000R\000A\000T\000E}{}% 344
\BOOKMARK [1][]{section.345}{\376\377\000V\000A\0007\0003\0001\000:\000\040\000A\000T\000L\000.\000\040\000G\000A\000L\000L\000A\000R\000A\000T\000E\000S\000E}{}% 345
\BOOKMARK [1][]{section.346}{\376\377\000V\000A\0009\0001\0008\000:\000\040\000V\000A\000R\000E\000S\000E\000\040\000A\000T\000L\000E\000T\000I\000C\000A\000\040\000A\000.\000S\000.\000D\000.}{}% 346
\BOOKMARK [1][]{section.347}{\376\377\000V\000C\0000\0000\0002\000:\000\040\000U\000N\000I\000O\000N\000E\000\040\000G\000I\000O\000V\000A\000N\000E\000\040\000B\000I\000E\000L\000L\000A}{}% 347
\BOOKMARK [1][]{section.348}{\376\377\000V\000C\0000\0001\0009\000:\000\040\000A\000T\000L\000.\000\040\000S\000T\000R\000O\000N\000E\000S\000E\000-\000N\000U\000O\000V\000A\000\040\000N\000O\000R\000D\000A\000F\000F\000A\000R\000I}{}% 348
\BOOKMARK [1][]{section.349}{\376\377\000V\000C\0000\0002\0000\000:\000\040\000G\000.\000S\000.\000\040\000E\000R\000M\000E\000N\000E\000G\000I\000L\000D\000O\000\040\000Z\000E\000G\000N\000A}{}% 349
\BOOKMARK [1][]{section.350}{\376\377\000V\000C\0000\0007\0003\000:\000\040\000A\000S\000D\000\040\000F\000U\000T\000U\000R\000A\000T\000L\000E\000T\000I\000C\000A\000\040\000P\000I\000E\000M\000O\000N\000T\000E}{}% 350
\BOOKMARK [1][]{section.351}{\376\377\000V\000E\0004\0006\0004\000:\000\040\000A\000T\000L\000E\000T\000I\000C\000A\000\040\000A\000U\000D\000A\000C\000E\000\040\000N\000O\000A\000L\000E\000\040\000A\000S\000D}{}% 351
\BOOKMARK [1][]{section.352}{\376\377\000V\000E\0004\0007\0001\000:\000\040\000A\000S\000D\000\040\000A\000T\000L\000E\000T\000I\000C\000A\000\040\000M\000A\000R\000C\000O\000N}{}% 352
\BOOKMARK [1][]{section.353}{\376\377\000V\000E\0004\0007\0002\000:\000\040\000L\000A\000\040\000F\000E\000N\000I\000C\000E\000\040\0001\0009\0002\0003\000\040\000M\000E\000S\000T\000R\000E}{}% 353
\BOOKMARK [1][]{section.354}{\376\377\000V\000E\0004\0007\0003\000:\000\040\000A\000T\000L\000E\000T\000I\000C\000A\000\040\000R\000I\000V\000I\000E\000R\000A\000\040\000D\000E\000L\000\040\000B\000R\000E\000N\000T\000A}{}% 354
\BOOKMARK [1][]{section.355}{\376\377\000V\000E\0004\0007\0004\000:\000\040\000G\000A\000\040\000A\000R\000I\000S\000T\000I\000D\000E\000\040\000C\000O\000I\000N\000\040\000V\000E\000N\000E\000Z\000I\000A\000\040\0001\0009\0004\0009}{}% 355
\BOOKMARK [1][]{section.356}{\376\377\000V\000E\0005\0002\0008\000:\000\040\000A\000T\000L\000E\000T\000I\000C\000A\000\040\000S\000A\000N\000\040\000D\000O\000N\000A\000'\000\040\000-\000\040\000E\000R\000A\000C\000L\000E\000A}{}% 356
\BOOKMARK [1][]{section.357}{\376\377\000V\000E\0005\0003\0009\000:\000\040\000P\000O\000L\000.\000G\000A\000Z\000Z\000E\000R\000A\000\040\000O\000L\000I\000M\000P\000I\000A\000\040\000C\000H\000I\000R\000I\000G\000N\000A\000G\000O}{}% 357
\BOOKMARK [1][]{section.358}{\376\377\000V\000E\0005\0004\0002\000:\000\040\000A\000S\000D\000\040\000B\000U\000N\000K\000E\000R\000\040\000S\000P\000O\000R\000T}{}% 358
\BOOKMARK [1][]{section.359}{\376\377\000V\000I\0006\0001\0004\000:\000\040\000G\000R\000U\000P\000P\000O\000\040\000A\000T\000L\000E\000T\000I\000C\000O\000\040\000B\000A\000S\000S\000A\000N\000O\000\040\0001\0009\0004\0008}{}% 359
\BOOKMARK [1][]{section.360}{\376\377\000V\000I\0006\0001\0006\000:\000\040\000A\000T\000L\000.\000\040\000M\000A\000R\000O\000S\000T\000I\000C\000A\000\040\000V\000I\000M\000A\000R}{}% 360
\BOOKMARK [1][]{section.361}{\376\377\000V\000I\0006\0001\0007\000:\000\040\000N\000O\000V\000A\000T\000L\000E\000T\000I\000C\000A\000\040\000C\000I\000T\000T\000A\000\040\000D\000I\000\040\000S\000C\000H\000I\000O\000\040\000A\000S\000D}{}% 361
\BOOKMARK [1][]{section.362}{\376\377\000V\000I\0006\0001\0009\000:\000\040\000A\000S\000I\000\040\000A\000T\000L\000E\000T\000I\000C\000A\000\040\000B\000R\000E\000G\000A\000N\000Z\000E}{}% 362
\BOOKMARK [1][]{section.363}{\376\377\000V\000I\0006\0002\0001\000:\000\040\000P\000O\000L\000I\000S\000P\000O\000R\000T\000I\000V\000A\000\040\000D\000U\000E\000V\000I\000L\000L\000E}{}% 363
\BOOKMARK [1][]{section.364}{\376\377\000V\000I\0006\0002\0002\000:\000\040\000C\000S\000I\000\040\000A\000T\000L\000.\000\040\000P\000R\000O\000V\000I\000N\000C\000I\000A\000\040\000D\000I\000\040\000V\000I\000C\000E\000N\000Z\000A}{}% 364
\BOOKMARK [1][]{section.365}{\376\377\000V\000I\0006\0002\0003\000:\000\040\000A\000S\000S\000O\000C\000I\000A\000Z\000I\000O\000N\000E\000\040\000A\000T\000L\000E\000T\000I\000C\000A\000\040\000N\000.\000E\000.\000V\000I\000.}{}% 365
\BOOKMARK [1][]{section.366}{\376\377\000V\000I\0006\0002\0004\000:\000\040\000A\000.\000S\000.\000D\000.\000\040\000R\000I\000S\000O\000R\000G\000I\000V\000E\000\040\000A\000P\000S}{}% 366
\BOOKMARK [1][]{section.367}{\376\377\000V\000I\0006\0002\0006\000:\000\040\000A\000T\000L\000.\000V\000I\000C\000E\000N\000T\000I\000N\000A}{}% 367
\BOOKMARK [1][]{section.368}{\376\377\000V\000I\0006\0003\0002\000:\000\040\000G\000R\000.\000S\000P\000.\000D\000I\000L\000.\000S\000C\000O\000L\000\040\000M\000A\000R\000C\000O\000N\000I\000\040\000C\000A\000S\000S\000O\000L\000A}{}% 368
\BOOKMARK [1][]{section.369}{\376\377\000V\000I\0006\0004\0004\000:\000\040\000P\000O\000L\000I\000S\000P\000O\000R\000T\000I\000V\000A\000\040\000V\000A\000L\000D\000A\000G\000N\000O}{}% 369
\BOOKMARK [1][]{section.370}{\376\377\000V\000I\0006\0005\0006\000:\000\040\000A\000S\000D\000\040\000A\000T\000L\000E\000T\000I\000C\000A\000\040\000O\000V\000E\000S\000T\000\040\000V\000I\000C\000E\000N\000T\000I\000N\000O}{}% 370
\BOOKMARK [1][]{section.371}{\376\377\000V\000I\0006\0008\0006\000:\000\040\000A\000T\000L\000E\000T\000I\000C\000A\000\040\000P\000E\000D\000E\000M\000O\000N\000T\000A\000N\000A\000\040\000V\000E\000N\000E\000T\000A}{}% 371
\BOOKMARK [1][]{section.372}{\376\377\000V\000R\0007\0006\0001\000:\000\040\000A\000T\000L\000.\000\040\000I\000N\000S\000I\000E\000M\000E\000\040\000V\000E\000R\000O\000N\000A}{}% 372
\BOOKMARK [1][]{section.373}{\376\377\000V\000R\0007\0006\0002\000:\000\040\000A\000T\000L\000.\000\040\000V\000R\000\040\000A\000S\000D\000\040\000P\000I\000N\000D\000E\000M\000O\000N\000T\000E}{}% 373
\BOOKMARK [1][]{section.374}{\376\377\000V\000R\0007\0006\0009\000:\000\040\000P\000O\000L\000.\000\040\000L\000I\000B\000E\000R\000T\000A\000S\000\040\000L\000U\000P\000A\000T\000O\000T\000I\000N\000A}{}% 374
\BOOKMARK [1][]{section.375}{\376\377\000V\000R\0007\0007\0005\000:\000\040\000A\000T\000L\000E\000T\000I\000C\000A\000\040\000B\000O\000V\000O\000L\000O\000N\000E}{}% 375
\BOOKMARK [1][]{section.376}{\376\377\000V\000R\0007\0007\0007\000:\000\040\000U\000.\000S\000.\000\040\000I\000N\000T\000R\000E\000P\000I\000D\000A}{}% 376
\BOOKMARK [1][]{section.377}{\376\377\000V\000R\0007\0008\0001\000:\000\040\000A\000.\000S\000.\000D\000.\000\040\000A\000T\000L\000E\000T\000I\000C\000A\000\040\000V\000A\000L\000P\000O\000L\000I\000C\000E\000L\000L\000A}{}% 377
\BOOKMARK [1][]{section.378}{\376\377\000V\000R\0007\0008\0004\000:\000\040\000F\000O\000N\000D\000A\000Z\000I\000O\000N\000E\000\040\000M\000.\000\040\000B\000E\000N\000T\000E\000G\000O\000D\000I}{}% 378
\BOOKMARK [1][]{section.379}{\376\377\000V\000R\0008\0002\0005\000:\000\040\000C\000.\000U\000.\000S\000.\000\040\000V\000E\000R\000O\000N\000A\000\040\000S\000E\000Z\000.\000\040\000A\000T\000L\000E\000T\000I\000C\000A}{}% 379
\BOOKMARK [1][]{section.380}{\376\377\000V\000R\0008\0004\0006\000:\000\040\000A\000S\000D\000\040\000A\000T\000L\000E\000T\000I\000C\000A\000\040\000S\000B\000V}{}% 380
\BOOKMARK [1][]{section.381}{\376\377\000V\000T\0002\0000\0007\000:\000\040\000A\000S\000D\000\040\000A\000T\000L\000E\000T\000I\000C\000A\000\040\000V\000I\000T\000E\000R\000B\000O}{}% 381
