This is pdfTeX, Version 3.141592653-2.6-1.40.29 (TeX Live 2026) (preloaded format=pdflatex 2026.5.28)  10 SEP 2026 11:45
entering extended mode
 restricted \write18 enabled.
 %&-line parsing enabled.
**regioni.tex
(./regioni.tex
LaTeX2e <2025-11-01>
L3 programming layer <2026-03-20>
(/usr/share/texlive/texmf-dist/tex/latex/base/article.cls
Document Class: article 2025/01/22 v1.4n Standard LaTeX document class
(/usr/share/texlive/texmf-dist/tex/latex/base/size10.clo
File: size10.clo 2025/01/22 v1.4n Standard LaTeX file (size option)
)
\c@part=\count275
\c@section=\count276
\c@subsection=\count277
\c@subsubsection=\count278
\c@paragraph=\count279
\c@subparagraph=\count280
\c@figure=\count281
\c@table=\count282
\abovecaptionskip=\skip49
\belowcaptionskip=\skip50
\bibindent=\dimen150
) (/usr/share/texlive/texmf-dist/tex/latex/base/inputenc.sty
Package: inputenc 2024/02/08 v1.3d Input encoding file
\inpenc@prehook=\toks17
\inpenc@posthook=\toks18
) (/usr/share/texlive/texmf-dist/tex/latex/geometry/geometry.sty
Package: geometry 2026/03/07 v6.0 Page Geometry
(/usr/share/texlive/texmf-dist/tex/latex/graphics/keyval.sty
Package: keyval 2022/05/29 v1.15 key=value parser (DPC)
\KV@toks@=\toks19
) (/usr/share/texlive/texmf-dist/tex/generic/iftex/ifvtex.sty
Package: ifvtex 2019/10/25 v1.7 ifvtex legacy package. Use iftex instead.
(/usr/share/texlive/texmf-dist/tex/generic/iftex/iftex.sty
Package: iftex 2024/12/12 v1.0g TeX engine tests
))
\Gm@cnth=\count283
\Gm@cntv=\count284
\c@Gm@tempcnt=\count285
\Gm@bindingoffset=\dimen151
\Gm@wd@mp=\dimen152
\Gm@odd@mp=\dimen153
\Gm@even@mp=\dimen154
\Gm@layoutwidth=\dimen155
\Gm@layoutheight=\dimen156
\Gm@layouthoffset=\dimen157
\Gm@layoutvoffset=\dimen158
\Gm@dimlist=\toks20
) (/usr/share/texlive/texmf-dist/tex/generic/babel/babel.sty
Package: babel 2026/04/15 v26.6 The multilingual framework for LuaLaTeX, pdfLaT
eX and XeLaTeX
\babel@savecnt=\count286
LaTeX Encoding Info:    Redeclaring text command \ij (encoding OT1) on input li
ne 2078.
LaTeX Encoding Info:    Redeclaring text command \IJ (encoding OT1) on input li
ne 2080.
LaTeX Encoding Info:    Redeclaring text command \ij (encoding T1) on input lin
e 2082.
LaTeX Encoding Info:    Redeclaring text command \IJ (encoding T1) on input lin
e 2083.
LaTeX Encoding Info:    Ignoring declaration for text command \ij (encoding ?) 
on input line 2084.
LaTeX Encoding Info:    Ignoring declaration for text command \IJ (encoding ?) 
on input line 2086.
LaTeX Encoding Info:    Ignoring declaration for text command \SS (encoding ?) 
on input line 2111.
\U@D=\dimen159
\l@unhyphenated=\language89
(/usr/share/texlive/texmf-dist/tex/generic/babel/txtbabel.def)
\bbl@readstream=\read2
\bbl@dirlevel=\count287
(/usr/share/texlive/texmf-dist/tex/generic/babel/locale/it/babel-italian.tex)
Package babel Info: Importing font and identification data for italian
(babel)             from babel-it.ini. Reported on input line 4330.
(/usr/share/texlive/texmf-dist/tex/generic/babel-italian/italian.ldf
Language: italian 2026/01/13 v.1.5.02 Italian support for the babel system
\it@lettering=\count288
\it@doublequoteactive=\count289
\it@ISOcompliance=\count290
)) (/usr/share/texlive/texmf-dist/tex/latex/etoolbox/etoolbox.sty
Package: etoolbox 2025/10/02 v2.5m e-TeX tools for LaTeX (JAW)
\etb@tempcnta=\count291
) (/usr/share/texlive/texmf-dist/tex/latex/graphics/graphicx.sty
Package: graphicx 2024/12/31 v1.2e Enhanced LaTeX Graphics (DPC,SPQR)
(/usr/share/texlive/texmf-dist/tex/latex/graphics/graphics.sty
Package: graphics 2024/08/06 v1.4g Standard LaTeX Graphics (DPC,SPQR)
(/usr/share/texlive/texmf-dist/tex/latex/graphics/trig.sty
Package: trig 2023/12/02 v1.11 sin cos tan (DPC)
) (/usr/share/texlive/texmf-dist/tex/latex/graphics-cfg/graphics.cfg
File: graphics.cfg 2016/06/04 v1.11 sample graphics configuration
)
Package graphics Info: Driver file: pdftex.def on input line 106.
(/usr/share/texlive/texmf-dist/tex/latex/graphics-def/pdftex.def
File: pdftex.def 2025/09/29 v1.2d Graphics/color driver for pdftex
))
\Gin@req@height=\dimen160
\Gin@req@width=\dimen161
) (/usr/share/texlive/texmf-dist/tex/latex/tocloft/tocloft.sty
Package: tocloft 2017/08/31 v2.3i parameterised ToC, etc., typesetting
Package tocloft Info: The document has section divisions on input line 51.
\cftparskip=\skip51
\cftbeforetoctitleskip=\skip52
\cftaftertoctitleskip=\skip53
\cftbeforepartskip=\skip54
\cftpartnumwidth=\skip55
\cftpartindent=\skip56
\cftbeforesecskip=\skip57
\cftsecindent=\skip58
\cftsecnumwidth=\skip59
\cftbeforesubsecskip=\skip60
\cftsubsecindent=\skip61
\cftsubsecnumwidth=\skip62
\cftbeforesubsubsecskip=\skip63
\cftsubsubsecindent=\skip64
\cftsubsubsecnumwidth=\skip65
\cftbeforeparaskip=\skip66
\cftparaindent=\skip67
\cftparanumwidth=\skip68
\cftbeforesubparaskip=\skip69
\cftsubparaindent=\skip70
\cftsubparanumwidth=\skip71
\cftbeforeloftitleskip=\skip72
\cftafterloftitleskip=\skip73
\cftbeforefigskip=\skip74
\cftfigindent=\skip75
\cftfignumwidth=\skip76
\c@lofdepth=\count292
\c@lotdepth=\count293
\cftbeforelottitleskip=\skip77
\cftafterlottitleskip=\skip78
\cftbeforetabskip=\skip79
\cfttabindent=\skip80
\cfttabnumwidth=\skip81
) (/usr/share/texlive/texmf-dist/tex/latex/hyperref/hyperref.sty
Package: hyperref 2026-04-24 v7.01q Hypertext links for LaTeX
(/usr/share/texlive/texmf-dist/tex/latex/kvsetkeys/kvsetkeys.sty
Package: kvsetkeys 2022-10-05 v1.19 Key value parser (HO)
) (/usr/share/texlive/texmf-dist/tex/generic/kvdefinekeys/kvdefinekeys.sty
Package: kvdefinekeys 2019-12-19 v1.6 Define keys (HO)
) (/usr/share/texlive/texmf-dist/tex/generic/pdfescape/pdfescape.sty
Package: pdfescape 2019/12/09 v1.15 Implements pdfTeX's escape features (HO)
(/usr/share/texlive/texmf-dist/tex/generic/ltxcmds/ltxcmds.sty
Package: ltxcmds 2023-12-04 v1.26 LaTeX kernel commands for general use (HO)
) (/usr/share/texlive/texmf-dist/tex/generic/pdftexcmds/pdftexcmds.sty
Package: pdftexcmds 2020-06-27 v0.33 Utility functions of pdfTeX for LuaTeX (HO
)
(/usr/share/texlive/texmf-dist/tex/generic/infwarerr/infwarerr.sty
Package: infwarerr 2019/12/03 v1.5 Providing info/warning/error messages (HO)
)
Package pdftexcmds Info: \pdf@primitive is available.
Package pdftexcmds Info: \pdf@ifprimitive is available.
Package pdftexcmds Info: \pdfdraftmode found.
)) (/usr/share/texlive/texmf-dist/tex/latex/hycolor/hycolor.sty
Package: hycolor 2020-01-27 v1.10 Color options for hyperref/bookmark (HO)
) (/usr/share/texlive/texmf-dist/tex/latex/hyperref/nameref.sty
Package: nameref 2026-01-29 v2.58 Cross-referencing by name of section
(/usr/share/texlive/texmf-dist/tex/latex/refcount/refcount.sty
Package: refcount 2019/12/15 v3.6 Data extraction from label references (HO)
) (/usr/share/texlive/texmf-dist/tex/generic/gettitlestring/gettitlestring.sty
Package: gettitlestring 2019/12/15 v1.6 Cleanup title references (HO)
(/usr/share/texlive/texmf-dist/tex/latex/kvoptions/kvoptions.sty
Package: kvoptions 2022-06-15 v3.15 Key value format for package options (HO)
))
\c@section@level=\count294
) (/usr/share/texlive/texmf-dist/tex/generic/stringenc/stringenc.sty
Package: stringenc 2019/11/29 v1.12 Convert strings between diff. encodings (HO
)
)
\@linkdim=\dimen162
\Hy@linkcounter=\count295
\Hy@pagecounter=\count296
(/usr/share/texlive/texmf-dist/tex/latex/hyperref/pd1enc.def
File: pd1enc.def 2026-04-24 v7.01q Hyperref: PDFDocEncoding definition (HO)
Now handling font encoding PD1 ...
... no UTF-8 mapping file for font encoding PD1
) (/usr/share/texlive/texmf-dist/tex/generic/intcalc/intcalc.sty
Package: intcalc 2019/12/15 v1.3 Expandable calculations with integers (HO)
)
\Hy@SavedSpaceFactor=\count297
(/usr/share/texlive/texmf-dist/tex/latex/hyperref/puenc.def
File: puenc.def 2026-04-24 v7.01q Hyperref: PDF Unicode definition (HO)
Now handling font encoding PU ...
... no UTF-8 mapping file for font encoding PU
)
Package hyperref Info: Hyper figures OFF on input line 4199.
Package hyperref Info: Link nesting OFF on input line 4204.
Package hyperref Info: Hyper index ON on input line 4207.
Package hyperref Info: Plain pages OFF on input line 4214.
Package hyperref Info: Backreferencing OFF on input line 4219.
Package hyperref Info: Implicit mode ON; LaTeX internals redefined.
Package hyperref Info: Bookmarks ON on input line 4466.
\c@Hy@tempcnt=\count298
(/usr/share/texlive/texmf-dist/tex/latex/url/url.sty
\Urlmuskip=\muskip17
Package: url 2013/09/16  ver 3.4  Verb mode for urls, etc.
)
LaTeX Info: Redefining \url on input line 4805.
\XeTeXLinkMargin=\dimen163
(/usr/share/texlive/texmf-dist/tex/generic/bitset/bitset.sty
Package: bitset 2019/12/09 v1.3 Handle bit-vector datatype (HO)
(/usr/share/texlive/texmf-dist/tex/generic/bigintcalc/bigintcalc.sty
Package: bigintcalc 2019/12/15 v1.5 Expandable calculations on big integers (HO
)
))
\Fld@menulength=\count299
\Field@Width=\dimen164
\Fld@charsize=\dimen165
Package hyperref Info: Hyper figures OFF on input line 6091.
Package hyperref Info: Link nesting OFF on input line 6096.
Package hyperref Info: Hyper index ON on input line 6099.
Package hyperref Info: backreferencing OFF on input line 6106.
Package hyperref Info: Link coloring OFF on input line 6111.
Package hyperref Info: Link coloring with OCG OFF on input line 6116.
Package hyperref Info: PDF/A mode OFF on input line 6121.
\Hy@abspage=\count300
\c@Item=\count301
\c@Hfootnote=\count302
)
Package hyperref Info: Driver (autodetected): hpdftex.
(/usr/share/texlive/texmf-dist/tex/latex/hyperref/hpdftex.def
File: hpdftex.def 2026-04-24 v7.01q Hyperref driver for pdfTeX
\Fld@listcount=\count303
\c@bookmark@seq@number=\count304
(/usr/share/texlive/texmf-dist/tex/latex/rerunfilecheck/rerunfilecheck.sty
Package: rerunfilecheck 2025-06-21 v1.11 Rerun checks for auxiliary files (HO)
(/usr/share/texlive/texmf-dist/tex/generic/uniquecounter/uniquecounter.sty
Package: uniquecounter 2019/12/15 v1.4 Provide unlimited unique counter (HO)
)
Package uniquecounter Info: New unique counter `rerunfilecheck' on input line 2
84.
)
\Hy@SectionHShift=\skip82
) (/usr/share/texlive/texmf-dist/tex/latex/amsmath/amsmath.sty
Package: amsmath 2025/07/09 v2.17z AMS math features
\@mathmargin=\skip83
For additional information on amsmath, use the `?' option.
(/usr/share/texlive/texmf-dist/tex/latex/amsmath/amstext.sty
Package: amstext 2024/11/17 v2.01 AMS text
(/usr/share/texlive/texmf-dist/tex/latex/amsmath/amsgen.sty
File: amsgen.sty 1999/11/30 v2.0 generic functions
\@emptytoks=\toks21
\ex@=\dimen166
)) (/usr/share/texlive/texmf-dist/tex/latex/amsmath/amsbsy.sty
Package: amsbsy 1999/11/29 v1.2d Bold Symbols
\pmbraise@=\dimen167
) (/usr/share/texlive/texmf-dist/tex/latex/amsmath/amsopn.sty
Package: amsopn 2022/04/08 v2.04 operator names
)
\inf@bad=\count305
LaTeX Info: Redefining \frac on input line 233.
\uproot@=\count306
\leftroot@=\count307
LaTeX Info: Redefining \overline on input line 398.
LaTeX Info: Redefining \colon on input line 409.
\classnum@=\count308
\DOTSCASE@=\count309
LaTeX Info: Redefining \ldots on input line 495.
LaTeX Info: Redefining \dots on input line 498.
LaTeX Info: Redefining \cdots on input line 619.
\Mathstrutbox@=\box53
\strutbox@=\box54
LaTeX Info: Redefining \big on input line 721.
LaTeX Info: Redefining \Big on input line 722.
LaTeX Info: Redefining \bigg on input line 723.
LaTeX Info: Redefining \Bigg on input line 724.
\big@size=\dimen168
LaTeX Font Info:    Redeclaring font encoding OML on input line 742.
LaTeX Font Info:    Redeclaring font encoding OMS on input line 743.
\macc@depth=\count310
LaTeX Info: Redefining \bmod on input line 904.
LaTeX Info: Redefining \pmod on input line 909.
LaTeX Info: Redefining \smash on input line 939.
LaTeX Info: Redefining \relbar on input line 969.
LaTeX Info: Redefining \Relbar on input line 970.
\c@MaxMatrixCols=\count311
\dotsspace@=\muskip18
\c@parentequation=\count312
\dspbrk@lvl=\count313
\tag@help=\toks22
\row@=\count314
\column@=\count315
\maxfields@=\count316
\andhelp@=\toks23
\eqnshift@=\dimen169
\alignsep@=\dimen170
\tagshift@=\dimen171
\tagwidth@=\dimen172
\totwidth@=\dimen173
\lineht@=\dimen174
\@envbody=\toks24
\multlinegap=\skip84
\multlinetaggap=\skip85
\mathdisplay@stack=\toks25
LaTeX Info: Redefining \[ on input line 2950.
LaTeX Info: Redefining \] on input line 2951.
)
Package hyperref Info: Option `colorlinks' set `true' on input line 18.
Package hyperref Info: Option `bookmarksopen' set `true' on input line 18.
(/usr/share/texlive/texmf-dist/tex/latex/fancyhdr/fancyhdr.sty
Package: fancyhdr 2025/02/07 v5.2 Extensive control of page headers and footers

\f@nch@headwidth=\skip86
\f@nch@offset@elh=\skip87
\f@nch@offset@erh=\skip88
\f@nch@offset@olh=\skip89
\f@nch@offset@orh=\skip90
\f@nch@offset@elf=\skip91
\f@nch@offset@erf=\skip92
\f@nch@offset@olf=\skip93
\f@nch@offset@orf=\skip94
\f@nch@height=\skip95
\f@nch@footalignment=\skip96
\f@nch@widthL=\skip97
\f@nch@widthC=\skip98
\f@nch@widthR=\skip99
\@temptokenb=\toks26
) (/usr/share/texlive/texmf-dist/tex/latex/l3backend/l3backend-pdftex.def
File: l3backend-pdftex.def 2026-02-18 L3 backend support: PDF output (pdfTeX)
\l__color_backend_stack_int=\count317
) (./regioni.aux)
\openout1 = `regioni.aux'.

LaTeX Font Info:    Checking defaults for OML/cmm/m/it on input line 39.
LaTeX Font Info:    ... okay on input line 39.
LaTeX Font Info:    Checking defaults for OMS/cmsy/m/n on input line 39.
LaTeX Font Info:    ... okay on input line 39.
LaTeX Font Info:    Checking defaults for OT1/cmr/m/n on input line 39.
LaTeX Font Info:    ... okay on input line 39.
LaTeX Font Info:    Checking defaults for T1/cmr/m/n on input line 39.
LaTeX Font Info:    ... okay on input line 39.
LaTeX Font Info:    Checking defaults for TS1/cmr/m/n on input line 39.
LaTeX Font Info:    ... okay on input line 39.
LaTeX Font Info:    Checking defaults for OMX/cmex/m/n on input line 39.
LaTeX Font Info:    ... okay on input line 39.
LaTeX Font Info:    Checking defaults for U/cmr/m/n on input line 39.
LaTeX Font Info:    ... okay on input line 39.
LaTeX Font Info:    Checking defaults for PD1/pdf/m/n on input line 39.
LaTeX Font Info:    ... okay on input line 39.
LaTeX Font Info:    Checking defaults for PU/pdf/m/n on input line 39.
LaTeX Font Info:    ... okay on input line 39.
*geometry* driver: auto-detecting
*geometry* detected driver: pdftex
*geometry* verbose mode - [ preamble ] result:
* driver: pdftex
* paper: a4paper
* layout: <same size as paper>
* layoutoffset:(h,v)=(0.0pt,0.0pt)
* modes: landscape 
* h-part:(L,W,R)=(80.21974pt, 684.60736pt, 80.21974pt)
* v-part:(T,H,B)=(79.49744pt, 438.513pt, 79.49744pt)
* \paperwidth=845.04684pt
* \paperheight=597.50787pt
* \textwidth=684.60736pt
* \textheight=438.513pt
* \oddsidemargin=7.94975pt
* \evensidemargin=7.94975pt
* \topmargin=-16.77255pt
* \headheight=14.0pt
* \headsep=10.0pt
* \topskip=10.0pt
* \footskip=30.0pt
* \marginparwidth=144.0pt
* \marginparsep=11.0pt
* \columnsep=10.0pt
* \skip\footins=9.0pt plus 4.0pt minus 2.0pt
* \hoffset=0.0pt
* \voffset=0.0pt
* \mag=1000
* \@twocolumnfalse
* \@twosidefalse
* \@mparswitchfalse
* \@reversemarginfalse
* (1in=72.27pt=25.4mm, 1cm=28.453pt)

LaTeX Info: Redefining \it@ocap on input line 39.
LaTeX Info: Redefining \it@ccap on input line 39.

File italian.ldf warning: 
italian.ldf    With OT1 encoding guillemets are poorly faked
italian.ldf    Use T1 encoding
italian.ldf    or specify a font with command \CaporaliFrom
italian.ldf    See the documentation concerning the babel-italian typesetting
italian.ldf    on input line 39.

(/usr/share/texlive/texmf-dist/tex/context/base/mkii/supp-pdf.mkii
[Loading MPS to PDF converter (version 2006.09.02).]
\scratchcounter=\count318
\scratchdimen=\dimen175
\scratchbox=\box55
\nofMPsegments=\count319
\nofMParguments=\count320
\everyMPshowfont=\toks27
\MPscratchCnt=\count321
\MPscratchDim=\dimen176
\MPnumerator=\count322
\makeMPintoPDFobject=\count323
\everyMPtoPDFconversion=\toks28
) (/usr/share/texlive/texmf-dist/tex/latex/epstopdf-pkg/epstopdf-base.sty
Package: epstopdf-base 2020-01-24 v2.11 Base part for package epstopdf
Package epstopdf-base Info: Redefining graphics rule for `.eps' on input line 4
85.
(/usr/share/texlive/texmf-dist/tex/latex/latexconfig/epstopdf-sys.cfg
File: epstopdf-sys.cfg 2010/07/13 v1.3 Configuration of (r)epstopdf for TeX Liv
e
)) (/usr/share/texlive/texmf-dist/tex/latex/graphics/color.sty
Package: color 2025/01/14 v1.3e Standard LaTeX Color (DPC)
(/usr/share/texlive/texmf-dist/tex/latex/graphics-cfg/color.cfg
File: color.cfg 2016/01/02 v1.6 sample color configuration
)
Package color Info: Driver file: pdftex.def on input line 149.
(/usr/share/texlive/texmf-dist/tex/latex/graphics/mathcolor.ltx))
Package hyperref Info: Link coloring ON on input line 39.
(./regioni.out) (./regioni.out)
\@outlinefile=\write3
\openout3 = `regioni.out'.

[1{/var/lib/texmf/fonts/map/pdftex/updmap/pdftex.map}

]
pdfTeX warning (ext4): destination with the same identifier (name{page.1}) has 
been already used, duplicate ignored
<to be read again> 
                   \relax 
l.79 \clearpage
                [1

] (./regioni.toc [2

] [3] [4])
\tf@toc=\write4
\openout4 = `regioni.toc'.

[5] [6

]
<../figures/Italia.pdf, id=665, 1156.32pt x 650.43pt>
File: ../figures/Italia.pdf Graphic file (type pdf)
<use ../figures/Italia.pdf>
Package pdftex.def Info: ../figures/Italia.pdf  used on input line 128.
(pdftex.def)             Requested size: 684.60736pt x 385.09021pt.
(./figure.tex [7

 <../figures/Italia.pdf>]
<../figures/regioni/ABR.pdf, id=761, 1156.32pt x 650.43pt>
File: ../figures/regioni/ABR.pdf Graphic file (type pdf)
<use ../figures/regioni/ABR.pdf>
Package pdftex.def Info: ../figures/regioni/ABR.pdf  used on input line 4.
(pdftex.def)             Requested size: 684.60736pt x 385.09021pt.
[8

 <../figures/regioni/ABR.pdf>]
<../figures/province/AQ.pdf, id=857, 1156.32pt x 650.43pt>
File: ../figures/province/AQ.pdf Graphic file (type pdf)
<use ../figures/province/AQ.pdf>
Package pdftex.def Info: ../figures/province/AQ.pdf  used on input line 10.
(pdftex.def)             Requested size: 684.60736pt x 385.09021pt.
[9

 <../figures/province/AQ.pdf>]
<../figures/province/CH.pdf, id=959, 1156.32pt x 650.43pt>
File: ../figures/province/CH.pdf Graphic file (type pdf)
<use ../figures/province/CH.pdf>
Package pdftex.def Info: ../figures/province/CH.pdf  used on input line 16.
(pdftex.def)             Requested size: 684.60736pt x 385.09021pt.
[10

 <../figures/province/CH.pdf>]
<../figures/province/PE.pdf, id=1058, 1156.32pt x 650.43pt>
File: ../figures/province/PE.pdf Graphic file (type pdf)
<use ../figures/province/PE.pdf>
Package pdftex.def Info: ../figures/province/PE.pdf  used on input line 22.
(pdftex.def)             Requested size: 684.60736pt x 385.09021pt.
[11

 <../figures/province/PE.pdf>]
<../figures/province/TE.pdf, id=1158, 1156.32pt x 650.43pt>
File: ../figures/province/TE.pdf Graphic file (type pdf)
<use ../figures/province/TE.pdf>
Package pdftex.def Info: ../figures/province/TE.pdf  used on input line 28.
(pdftex.def)             Requested size: 684.60736pt x 385.09021pt.
[12

 <../figures/province/TE.pdf>]
<../figures/regioni/BAS.pdf, id=1259, 1156.32pt x 650.43pt>
File: ../figures/regioni/BAS.pdf Graphic file (type pdf)
<use ../figures/regioni/BAS.pdf>
Package pdftex.def Info: ../figures/regioni/BAS.pdf  used on input line 34.
(pdftex.def)             Requested size: 684.60736pt x 385.09021pt.
[13

 <../figures/regioni/BAS.pdf>]
<../figures/province/MT.pdf, id=1357, 1156.32pt x 650.43pt>
File: ../figures/province/MT.pdf Graphic file (type pdf)
<use ../figures/province/MT.pdf>
Package pdftex.def Info: ../figures/province/MT.pdf  used on input line 40.
(pdftex.def)             Requested size: 684.60736pt x 385.09021pt.
[14

 <../figures/province/MT.pdf>]
<../figures/province/PZ.pdf, id=1456, 1156.32pt x 650.43pt>
File: ../figures/province/PZ.pdf Graphic file (type pdf)
<use ../figures/province/PZ.pdf>
Package pdftex.def Info: ../figures/province/PZ.pdf  used on input line 46.
(pdftex.def)             Requested size: 684.60736pt x 385.09021pt.
[15

 <../figures/province/PZ.pdf>]
<../figures/regioni/BZ.pdf, id=1557, 1156.32pt x 650.43pt>
File: ../figures/regioni/BZ.pdf Graphic file (type pdf)
<use ../figures/regioni/BZ.pdf>
Package pdftex.def Info: ../figures/regioni/BZ.pdf  used on input line 52.
(pdftex.def)             Requested size: 684.60736pt x 385.09021pt.
[16

 <../figures/regioni/BZ.pdf>]
<../figures/regioni/CAL.pdf, id=1663, 1156.32pt x 650.43pt>
File: ../figures/regioni/CAL.pdf Graphic file (type pdf)
<use ../figures/regioni/CAL.pdf>
Package pdftex.def Info: ../figures/regioni/CAL.pdf  used on input line 58.
(pdftex.def)             Requested size: 684.60736pt x 385.09021pt.
[17

 <../figures/regioni/CAL.pdf>]
<../figures/province/CZ.pdf, id=1759, 1156.32pt x 650.43pt>
File: ../figures/province/CZ.pdf Graphic file (type pdf)
<use ../figures/province/CZ.pdf>
Package pdftex.def Info: ../figures/province/CZ.pdf  used on input line 64.
(pdftex.def)             Requested size: 684.60736pt x 385.09021pt.
[18

 <../figures/province/CZ.pdf>]
<../figures/province/CS.pdf, id=1861, 1156.32pt x 650.43pt>
File: ../figures/province/CS.pdf Graphic file (type pdf)
<use ../figures/province/CS.pdf>
Package pdftex.def Info: ../figures/province/CS.pdf  used on input line 70.
(pdftex.def)             Requested size: 684.60736pt x 385.09021pt.
[19

 <../figures/province/CS.pdf>]
<../figures/province/KR.pdf, id=1963, 1156.32pt x 650.43pt>
File: ../figures/province/KR.pdf Graphic file (type pdf)
<use ../figures/province/KR.pdf>
Package pdftex.def Info: ../figures/province/KR.pdf  used on input line 76.
(pdftex.def)             Requested size: 684.60736pt x 385.09021pt.
[20

 <../figures/province/KR.pdf>]
<../figures/province/RC.pdf, id=2064, 1156.32pt x 650.43pt>
File: ../figures/province/RC.pdf Graphic file (type pdf)
<use ../figures/province/RC.pdf>
Package pdftex.def Info: ../figures/province/RC.pdf  used on input line 82.
(pdftex.def)             Requested size: 684.60736pt x 385.09021pt.
[21

 <../figures/province/RC.pdf>]
<../figures/province/VV.pdf, id=2166, 1156.32pt x 650.43pt>
File: ../figures/province/VV.pdf Graphic file (type pdf)
<use ../figures/province/VV.pdf>
Package pdftex.def Info: ../figures/province/VV.pdf  used on input line 88.
(pdftex.def)             Requested size: 684.60736pt x 385.09021pt.
[22

 <../figures/province/VV.pdf>]
<../figures/regioni/CAM.pdf, id=2269, 1156.32pt x 650.43pt>
File: ../figures/regioni/CAM.pdf Graphic file (type pdf)
<use ../figures/regioni/CAM.pdf>
Package pdftex.def Info: ../figures/regioni/CAM.pdf  used on input line 94.
(pdftex.def)             Requested size: 684.60736pt x 385.09021pt.
[23

 <../figures/regioni/CAM.pdf>]
<../figures/province/AV.pdf, id=2365, 1156.32pt x 650.43pt>
File: ../figures/province/AV.pdf Graphic file (type pdf)
<use ../figures/province/AV.pdf>
Package pdftex.def Info: ../figures/province/AV.pdf  used on input line 100.
(pdftex.def)             Requested size: 684.60736pt x 385.09021pt.
[24

 <../figures/province/AV.pdf>]
<../figures/province/BN.pdf, id=2467, 1156.32pt x 650.43pt>
File: ../figures/province/BN.pdf Graphic file (type pdf)
<use ../figures/province/BN.pdf>
Package pdftex.def Info: ../figures/province/BN.pdf  used on input line 106.
(pdftex.def)             Requested size: 684.60736pt x 385.09021pt.
[25

 <../figures/province/BN.pdf>]
<../figures/province/CE.pdf, id=2568, 1156.32pt x 650.43pt>
File: ../figures/province/CE.pdf Graphic file (type pdf)
<use ../figures/province/CE.pdf>
Package pdftex.def Info: ../figures/province/CE.pdf  used on input line 112.
(pdftex.def)             Requested size: 684.60736pt x 385.09021pt.
[26

 <../figures/province/CE.pdf>]
<../figures/province/NA.pdf, id=2668, 1156.32pt x 650.43pt>
File: ../figures/province/NA.pdf Graphic file (type pdf)
<use ../figures/province/NA.pdf>
Package pdftex.def Info: ../figures/province/NA.pdf  used on input line 118.
(pdftex.def)             Requested size: 684.60736pt x 385.09021pt.
[27

 <../figures/province/NA.pdf>]
<../figures/province/SA.pdf, id=2768, 1156.32pt x 650.43pt>
File: ../figures/province/SA.pdf Graphic file (type pdf)
<use ../figures/province/SA.pdf>
Package pdftex.def Info: ../figures/province/SA.pdf  used on input line 124.
(pdftex.def)             Requested size: 684.60736pt x 385.09021pt.
[28

 <../figures/province/SA.pdf>]
<../figures/regioni/EMI.pdf, id=2869, 1156.32pt x 650.43pt>
File: ../figures/regioni/EMI.pdf Graphic file (type pdf)
<use ../figures/regioni/EMI.pdf>
Package pdftex.def Info: ../figures/regioni/EMI.pdf  used on input line 130.
(pdftex.def)             Requested size: 684.60736pt x 385.09021pt.
[29

 <../figures/regioni/EMI.pdf>]
<../figures/province/BO.pdf, id=2969, 1156.32pt x 650.43pt>
File: ../figures/province/BO.pdf Graphic file (type pdf)
<use ../figures/province/BO.pdf>
Package pdftex.def Info: ../figures/province/BO.pdf  used on input line 136.
(pdftex.def)             Requested size: 684.60736pt x 385.09021pt.
[30

 <../figures/province/BO.pdf>]
<../figures/province/FE.pdf, id=3070, 1156.32pt x 650.43pt>
File: ../figures/province/FE.pdf Graphic file (type pdf)
<use ../figures/province/FE.pdf>
Package pdftex.def Info: ../figures/province/FE.pdf  used on input line 142.
(pdftex.def)             Requested size: 684.60736pt x 385.09021pt.
[31

 <../figures/province/FE.pdf>]
<../figures/province/FC.pdf, id=3169, 1156.32pt x 650.43pt>
File: ../figures/province/FC.pdf Graphic file (type pdf)
<use ../figures/province/FC.pdf>
Package pdftex.def Info: ../figures/province/FC.pdf  used on input line 148.
(pdftex.def)             Requested size: 684.60736pt x 385.09021pt.
[32

 <../figures/province/FC.pdf>]
<../figures/province/MO.pdf, id=3273, 1156.32pt x 650.43pt>
File: ../figures/province/MO.pdf Graphic file (type pdf)
<use ../figures/province/MO.pdf>
Package pdftex.def Info: ../figures/province/MO.pdf  used on input line 154.
(pdftex.def)             Requested size: 684.60736pt x 385.09021pt.
[33

 <../figures/province/MO.pdf>]
<../figures/province/PR.pdf, id=3373, 1156.32pt x 650.43pt>
File: ../figures/province/PR.pdf Graphic file (type pdf)
<use ../figures/province/PR.pdf>
Package pdftex.def Info: ../figures/province/PR.pdf  used on input line 160.
(pdftex.def)             Requested size: 684.60736pt x 385.09021pt.
[34

 <../figures/province/PR.pdf>]
<../figures/province/PC.pdf, id=3471, 1156.32pt x 650.43pt>
File: ../figures/province/PC.pdf Graphic file (type pdf)
<use ../figures/province/PC.pdf>
Package pdftex.def Info: ../figures/province/PC.pdf  used on input line 166.
(pdftex.def)             Requested size: 684.60736pt x 385.09021pt.
[35

 <../figures/province/PC.pdf>]
<../figures/province/RA.pdf, id=3572, 1156.32pt x 650.43pt>
File: ../figures/province/RA.pdf Graphic file (type pdf)
<use ../figures/province/RA.pdf>
Package pdftex.def Info: ../figures/province/RA.pdf  used on input line 172.
(pdftex.def)             Requested size: 684.60736pt x 385.09021pt.
[36

 <../figures/province/RA.pdf>]
<../figures/province/RE.pdf, id=3673, 1156.32pt x 650.43pt>
File: ../figures/province/RE.pdf Graphic file (type pdf)
<use ../figures/province/RE.pdf>
Package pdftex.def Info: ../figures/province/RE.pdf  used on input line 178.
(pdftex.def)             Requested size: 684.60736pt x 385.09021pt.
[37

 <../figures/province/RE.pdf>]
<../figures/province/RN.pdf, id=3776, 1156.32pt x 650.43pt>
File: ../figures/province/RN.pdf Graphic file (type pdf)
<use ../figures/province/RN.pdf>
Package pdftex.def Info: ../figures/province/RN.pdf  used on input line 184.
(pdftex.def)             Requested size: 684.60736pt x 385.09021pt.
[38

 <../figures/province/RN.pdf>]
<../figures/regioni/FVG.pdf, id=3874, 1156.32pt x 650.43pt>
File: ../figures/regioni/FVG.pdf Graphic file (type pdf)
<use ../figures/regioni/FVG.pdf>
Package pdftex.def Info: ../figures/regioni/FVG.pdf  used on input line 190.
(pdftex.def)             Requested size: 684.60736pt x 385.09021pt.
[39

 <../figures/regioni/FVG.pdf>]
<../figures/province/GO.pdf, id=3977, 1156.32pt x 650.43pt>
File: ../figures/province/GO.pdf Graphic file (type pdf)
<use ../figures/province/GO.pdf>
Package pdftex.def Info: ../figures/province/GO.pdf  used on input line 196.
(pdftex.def)             Requested size: 684.60736pt x 385.09021pt.
[40

 <../figures/province/GO.pdf>]
<../figures/province/PN.pdf, id=4077, 1156.32pt x 650.43pt>
File: ../figures/province/PN.pdf Graphic file (type pdf)
<use ../figures/province/PN.pdf>
Package pdftex.def Info: ../figures/province/PN.pdf  used on input line 202.
(pdftex.def)             Requested size: 684.60736pt x 385.09021pt.
[41

 <../figures/province/PN.pdf>]
<../figures/province/TS.pdf, id=4177, 1156.32pt x 650.43pt>
File: ../figures/province/TS.pdf Graphic file (type pdf)
<use ../figures/province/TS.pdf>
Package pdftex.def Info: ../figures/province/TS.pdf  used on input line 208.
(pdftex.def)             Requested size: 684.60736pt x 385.09021pt.
[42

 <../figures/province/TS.pdf>]
<../figures/province/UD.pdf, id=4279, 1156.32pt x 650.43pt>
File: ../figures/province/UD.pdf Graphic file (type pdf)
<use ../figures/province/UD.pdf>
Package pdftex.def Info: ../figures/province/UD.pdf  used on input line 214.
(pdftex.def)             Requested size: 684.60736pt x 385.09021pt.
[43

 <../figures/province/UD.pdf>]
<../figures/regioni/LAZ.pdf, id=4378, 1156.32pt x 650.43pt>
File: ../figures/regioni/LAZ.pdf Graphic file (type pdf)
<use ../figures/regioni/LAZ.pdf>
Package pdftex.def Info: ../figures/regioni/LAZ.pdf  used on input line 220.
(pdftex.def)             Requested size: 684.60736pt x 385.09021pt.
[44

 <../figures/regioni/LAZ.pdf>]
<../figures/province/FR.pdf, id=4473, 1156.32pt x 650.43pt>
File: ../figures/province/FR.pdf Graphic file (type pdf)
<use ../figures/province/FR.pdf>
Package pdftex.def Info: ../figures/province/FR.pdf  used on input line 226.
(pdftex.def)             Requested size: 684.60736pt x 385.09021pt.
[45

 <../figures/province/FR.pdf>]
<../figures/province/LT.pdf, id=4574, 1156.32pt x 650.43pt>
File: ../figures/province/LT.pdf Graphic file (type pdf)
<use ../figures/province/LT.pdf>
Package pdftex.def Info: ../figures/province/LT.pdf  used on input line 232.
(pdftex.def)             Requested size: 684.60736pt x 385.09021pt.
[46

 <../figures/province/LT.pdf>]
<../figures/province/RI.pdf, id=4673, 1156.32pt x 650.43pt>
File: ../figures/province/RI.pdf Graphic file (type pdf)
<use ../figures/province/RI.pdf>
Package pdftex.def Info: ../figures/province/RI.pdf  used on input line 238.
(pdftex.def)             Requested size: 684.60736pt x 385.09021pt.
[47

 <../figures/province/RI.pdf>]
<../figures/province/RM.pdf, id=4771, 1156.32pt x 650.43pt>
File: ../figures/province/RM.pdf Graphic file (type pdf)
<use ../figures/province/RM.pdf>
Package pdftex.def Info: ../figures/province/RM.pdf  used on input line 244.
(pdftex.def)             Requested size: 684.60736pt x 385.09021pt.
[48

 <../figures/province/RM.pdf>]
<../figures/province/VT.pdf, id=4871, 1156.32pt x 650.43pt>
File: ../figures/province/VT.pdf Graphic file (type pdf)
<use ../figures/province/VT.pdf>
Package pdftex.def Info: ../figures/province/VT.pdf  used on input line 250.
(pdftex.def)             Requested size: 684.60736pt x 385.09021pt.
[49

 <../figures/province/VT.pdf>]
<../figures/regioni/LIG.pdf, id=4972, 1156.32pt x 650.43pt>
File: ../figures/regioni/LIG.pdf Graphic file (type pdf)
<use ../figures/regioni/LIG.pdf>
Package pdftex.def Info: ../figures/regioni/LIG.pdf  used on input line 256.
(pdftex.def)             Requested size: 684.60736pt x 385.09021pt.
[50

 <../figures/regioni/LIG.pdf>]
<../figures/province/GE.pdf, id=5068, 1156.32pt x 650.43pt>
File: ../figures/province/GE.pdf Graphic file (type pdf)
<use ../figures/province/GE.pdf>
Package pdftex.def Info: ../figures/province/GE.pdf  used on input line 262.
(pdftex.def)             Requested size: 684.60736pt x 385.09021pt.
[51

 <../figures/province/GE.pdf>]
<../figures/province/IM.pdf, id=5168, 1156.32pt x 650.43pt>
File: ../figures/province/IM.pdf Graphic file (type pdf)
<use ../figures/province/IM.pdf>
Package pdftex.def Info: ../figures/province/IM.pdf  used on input line 268.
(pdftex.def)             Requested size: 684.60736pt x 385.09021pt.
[52

 <../figures/province/IM.pdf>]
<../figures/province/SP.pdf, id=5269, 1156.32pt x 650.43pt>
File: ../figures/province/SP.pdf Graphic file (type pdf)
<use ../figures/province/SP.pdf>
Package pdftex.def Info: ../figures/province/SP.pdf  used on input line 274.
(pdftex.def)             Requested size: 684.60736pt x 385.09021pt.
[53

 <../figures/province/SP.pdf>]
<../figures/province/SV.pdf, id=5371, 1156.32pt x 650.43pt>
File: ../figures/province/SV.pdf Graphic file (type pdf)
<use ../figures/province/SV.pdf>
Package pdftex.def Info: ../figures/province/SV.pdf  used on input line 280.
(pdftex.def)             Requested size: 684.60736pt x 385.09021pt.
[54

 <../figures/province/SV.pdf>]
<../figures/regioni/LOM.pdf, id=5472, 1156.32pt x 650.43pt>
File: ../figures/regioni/LOM.pdf Graphic file (type pdf)
<use ../figures/regioni/LOM.pdf>
Package pdftex.def Info: ../figures/regioni/LOM.pdf  used on input line 286.
(pdftex.def)             Requested size: 684.60736pt x 385.09021pt.
[55

 <../figures/regioni/LOM.pdf>]
<../figures/province/BG.pdf, id=5570, 1156.32pt x 650.43pt>
File: ../figures/province/BG.pdf Graphic file (type pdf)
<use ../figures/province/BG.pdf>
Package pdftex.def Info: ../figures/province/BG.pdf  used on input line 292.
(pdftex.def)             Requested size: 684.60736pt x 385.09021pt.
[56

 <../figures/province/BG.pdf>]
<../figures/province/BS.pdf, id=5671, 1156.32pt x 650.43pt>
File: ../figures/province/BS.pdf Graphic file (type pdf)
<use ../figures/province/BS.pdf>
Package pdftex.def Info: ../figures/province/BS.pdf  used on input line 298.
(pdftex.def)             Requested size: 684.60736pt x 385.09021pt.
[57

 <../figures/province/BS.pdf>]
<../figures/province/CO.pdf, id=5772, 1156.32pt x 650.43pt>
File: ../figures/province/CO.pdf Graphic file (type pdf)
<use ../figures/province/CO.pdf>
Package pdftex.def Info: ../figures/province/CO.pdf  used on input line 304.
(pdftex.def)             Requested size: 684.60736pt x 385.09021pt.
[58

 <../figures/province/CO.pdf>]
<../figures/province/CR.pdf, id=5869, 1156.32pt x 650.43pt>
File: ../figures/province/CR.pdf Graphic file (type pdf)
<use ../figures/province/CR.pdf>
Package pdftex.def Info: ../figures/province/CR.pdf  used on input line 310.
(pdftex.def)             Requested size: 684.60736pt x 385.09021pt.
[59

 <../figures/province/CR.pdf>]
<../figures/province/MN.pdf, id=5970, 1156.32pt x 650.43pt>
File: ../figures/province/MN.pdf Graphic file (type pdf)
<use ../figures/province/MN.pdf>
Package pdftex.def Info: ../figures/province/MN.pdf  used on input line 316.
(pdftex.def)             Requested size: 684.60736pt x 385.09021pt.
[60

 <../figures/province/MN.pdf>]
<../figures/province/MI.pdf, id=6072, 1156.32pt x 650.43pt>
File: ../figures/province/MI.pdf Graphic file (type pdf)
<use ../figures/province/MI.pdf>
Package pdftex.def Info: ../figures/province/MI.pdf  used on input line 322.
(pdftex.def)             Requested size: 684.60736pt x 385.09021pt.
[61

 <../figures/province/MI.pdf>]
<../figures/province/PV.pdf, id=6172, 1156.32pt x 650.43pt>
File: ../figures/province/PV.pdf Graphic file (type pdf)
<use ../figures/province/PV.pdf>
Package pdftex.def Info: ../figures/province/PV.pdf  used on input line 328.
(pdftex.def)             Requested size: 684.60736pt x 385.09021pt.
[62

 <../figures/province/PV.pdf>]
<../figures/province/SO.pdf, id=6270, 1156.32pt x 650.43pt>
File: ../figures/province/SO.pdf Graphic file (type pdf)
<use ../figures/province/SO.pdf>
Package pdftex.def Info: ../figures/province/SO.pdf  used on input line 334.
(pdftex.def)             Requested size: 684.60736pt x 385.09021pt.
[63

 <../figures/province/SO.pdf>]
<../figures/province/VA.pdf, id=6370, 1156.32pt x 650.43pt>
File: ../figures/province/VA.pdf Graphic file (type pdf)
<use ../figures/province/VA.pdf>
Package pdftex.def Info: ../figures/province/VA.pdf  used on input line 340.
(pdftex.def)             Requested size: 684.60736pt x 385.09021pt.
[64

 <../figures/province/VA.pdf>]
<../figures/regioni/MAR.pdf, id=6469, 1156.32pt x 650.43pt>
File: ../figures/regioni/MAR.pdf Graphic file (type pdf)
<use ../figures/regioni/MAR.pdf>
Package pdftex.def Info: ../figures/regioni/MAR.pdf  used on input line 346.
(pdftex.def)             Requested size: 684.60736pt x 385.09021pt.
[65

 <../figures/regioni/MAR.pdf>]
<../figures/province/AN.pdf, id=6565, 1156.32pt x 650.43pt>
File: ../figures/province/AN.pdf Graphic file (type pdf)
<use ../figures/province/AN.pdf>
Package pdftex.def Info: ../figures/province/AN.pdf  used on input line 352.
(pdftex.def)             Requested size: 684.60736pt x 385.09021pt.
[66

 <../figures/province/AN.pdf>]
<../figures/province/AP.pdf, id=6666, 1156.32pt x 650.43pt>
File: ../figures/province/AP.pdf Graphic file (type pdf)
<use ../figures/province/AP.pdf>
Package pdftex.def Info: ../figures/province/AP.pdf  used on input line 358.
(pdftex.def)             Requested size: 684.60736pt x 385.09021pt.
[67

 <../figures/province/AP.pdf>]
<../figures/province/FM.pdf, id=6769, 1156.32pt x 650.43pt>
File: ../figures/province/FM.pdf Graphic file (type pdf)
<use ../figures/province/FM.pdf>
Package pdftex.def Info: ../figures/province/FM.pdf  used on input line 364.
(pdftex.def)             Requested size: 684.60736pt x 385.09021pt.
[68

 <../figures/province/FM.pdf>]
<../figures/province/MC.pdf, id=6868, 1156.32pt x 650.43pt>
File: ../figures/province/MC.pdf Graphic file (type pdf)
<use ../figures/province/MC.pdf>
Package pdftex.def Info: ../figures/province/MC.pdf  used on input line 370.
(pdftex.def)             Requested size: 684.60736pt x 385.09021pt.
[69

 <../figures/province/MC.pdf>]
<../figures/province/PU.pdf, id=6968, 1156.32pt x 650.43pt>
File: ../figures/province/PU.pdf Graphic file (type pdf)
<use ../figures/province/PU.pdf>
Package pdftex.def Info: ../figures/province/PU.pdf  used on input line 376.
(pdftex.def)             Requested size: 684.60736pt x 385.09021pt.
[70

 <../figures/province/PU.pdf>]
<../figures/regioni/MOL.pdf, id=7072, 1156.32pt x 650.43pt>
File: ../figures/regioni/MOL.pdf Graphic file (type pdf)
<use ../figures/regioni/MOL.pdf>
Package pdftex.def Info: ../figures/regioni/MOL.pdf  used on input line 382.
(pdftex.def)             Requested size: 684.60736pt x 385.09021pt.
[71

 <../figures/regioni/MOL.pdf>]
<../figures/province/CB.pdf, id=7168, 1156.32pt x 650.43pt>
File: ../figures/province/CB.pdf Graphic file (type pdf)
<use ../figures/province/CB.pdf>
Package pdftex.def Info: ../figures/province/CB.pdf  used on input line 388.
(pdftex.def)             Requested size: 684.60736pt x 385.09021pt.
[72

 <../figures/province/CB.pdf>]
<../figures/province/IS.pdf, id=7271, 1156.32pt x 650.43pt>
File: ../figures/province/IS.pdf Graphic file (type pdf)
<use ../figures/province/IS.pdf>
Package pdftex.def Info: ../figures/province/IS.pdf  used on input line 394.
(pdftex.def)             Requested size: 684.60736pt x 385.09021pt.
[73

 <../figures/province/IS.pdf>]
<../figures/regioni/PIE.pdf, id=7372, 1156.32pt x 650.43pt>
File: ../figures/regioni/PIE.pdf Graphic file (type pdf)
<use ../figures/regioni/PIE.pdf>
Package pdftex.def Info: ../figures/regioni/PIE.pdf  used on input line 400.
(pdftex.def)             Requested size: 684.60736pt x 385.09021pt.
[74

 <../figures/regioni/PIE.pdf>]
<../figures/province/AL.pdf, id=7469, 1156.32pt x 650.43pt>
File: ../figures/province/AL.pdf Graphic file (type pdf)
<use ../figures/province/AL.pdf>
Package pdftex.def Info: ../figures/province/AL.pdf  used on input line 406.
(pdftex.def)             Requested size: 684.60736pt x 385.09021pt.
[75

 <../figures/province/AL.pdf>]
<../figures/province/AT.pdf, id=7572, 1156.32pt x 650.43pt>
File: ../figures/province/AT.pdf Graphic file (type pdf)
<use ../figures/province/AT.pdf>
Package pdftex.def Info: ../figures/province/AT.pdf  used on input line 412.
(pdftex.def)             Requested size: 684.60736pt x 385.09021pt.
[76

 <../figures/province/AT.pdf>]
<../figures/province/CN.pdf, id=7670, 1156.32pt x 650.43pt>
File: ../figures/province/CN.pdf Graphic file (type pdf)
<use ../figures/province/CN.pdf>
Package pdftex.def Info: ../figures/province/CN.pdf  used on input line 418.
(pdftex.def)             Requested size: 684.60736pt x 385.09021pt.
[77

 <../figures/province/CN.pdf>]
<../figures/province/NO.pdf, id=7769, 1156.32pt x 650.43pt>
File: ../figures/province/NO.pdf Graphic file (type pdf)
<use ../figures/province/NO.pdf>
Package pdftex.def Info: ../figures/province/NO.pdf  used on input line 424.
(pdftex.def)             Requested size: 684.60736pt x 385.09021pt.
[78

 <../figures/province/NO.pdf>]
<../figures/province/TO.pdf, id=7870, 1156.32pt x 650.43pt>
File: ../figures/province/TO.pdf Graphic file (type pdf)
<use ../figures/province/TO.pdf>
Package pdftex.def Info: ../figures/province/TO.pdf  used on input line 430.
(pdftex.def)             Requested size: 684.60736pt x 385.09021pt.
[79

 <../figures/province/TO.pdf>]
<../figures/province/VB.pdf, id=7969, 1156.32pt x 650.43pt>
File: ../figures/province/VB.pdf Graphic file (type pdf)
<use ../figures/province/VB.pdf>
Package pdftex.def Info: ../figures/province/VB.pdf  used on input line 436.
(pdftex.def)             Requested size: 684.60736pt x 385.09021pt.
[80

 <../figures/province/VB.pdf>]
<../figures/province/VC.pdf, id=8070, 1156.32pt x 650.43pt>
File: ../figures/province/VC.pdf Graphic file (type pdf)
<use ../figures/province/VC.pdf>
Package pdftex.def Info: ../figures/province/VC.pdf  used on input line 442.
(pdftex.def)             Requested size: 684.60736pt x 385.09021pt.
[81

 <../figures/province/VC.pdf>]
<../figures/regioni/PUG.pdf, id=8170, 1156.32pt x 650.43pt>
File: ../figures/regioni/PUG.pdf Graphic file (type pdf)
<use ../figures/regioni/PUG.pdf>
Package pdftex.def Info: ../figures/regioni/PUG.pdf  used on input line 448.
(pdftex.def)             Requested size: 684.60736pt x 385.09021pt.
[82

 <../figures/regioni/PUG.pdf>]
<../figures/province/BA.pdf, id=8266, 1156.32pt x 650.43pt>
File: ../figures/province/BA.pdf Graphic file (type pdf)
<use ../figures/province/BA.pdf>
Package pdftex.def Info: ../figures/province/BA.pdf  used on input line 454.
(pdftex.def)             Requested size: 684.60736pt x 385.09021pt.
[83

 <../figures/province/BA.pdf>]
<../figures/province/BR.pdf, id=8365, 1156.32pt x 650.43pt>
File: ../figures/province/BR.pdf Graphic file (type pdf)
<use ../figures/province/BR.pdf>
Package pdftex.def Info: ../figures/province/BR.pdf  used on input line 460.
(pdftex.def)             Requested size: 684.60736pt x 385.09021pt.
[84

 <../figures/province/BR.pdf>]
<../figures/province/FG.pdf, id=8466, 1156.32pt x 650.43pt>
File: ../figures/province/FG.pdf Graphic file (type pdf)
<use ../figures/province/FG.pdf>
Package pdftex.def Info: ../figures/province/FG.pdf  used on input line 466.
(pdftex.def)             Requested size: 684.60736pt x 385.09021pt.
[85

 <../figures/province/FG.pdf>]
<../figures/province/LE.pdf, id=8565, 1156.32pt x 650.43pt>
File: ../figures/province/LE.pdf Graphic file (type pdf)
<use ../figures/province/LE.pdf>
Package pdftex.def Info: ../figures/province/LE.pdf  used on input line 472.
(pdftex.def)             Requested size: 684.60736pt x 385.09021pt.
[86

 <../figures/province/LE.pdf>]
<../figures/province/TA.pdf, id=8662, 1156.32pt x 650.43pt>
File: ../figures/province/TA.pdf Graphic file (type pdf)
<use ../figures/province/TA.pdf>
Package pdftex.def Info: ../figures/province/TA.pdf  used on input line 478.
(pdftex.def)             Requested size: 684.60736pt x 385.09021pt.
[87

 <../figures/province/TA.pdf>]
<../figures/regioni/SAR.pdf, id=8762, 1156.32pt x 650.43pt>
File: ../figures/regioni/SAR.pdf Graphic file (type pdf)
<use ../figures/regioni/SAR.pdf>
Package pdftex.def Info: ../figures/regioni/SAR.pdf  used on input line 484.
(pdftex.def)             Requested size: 684.60736pt x 385.09021pt.
[88

 <../figures/regioni/SAR.pdf>]
<../figures/province/CA.pdf, id=8859, 1156.32pt x 650.43pt>
File: ../figures/province/CA.pdf Graphic file (type pdf)
<use ../figures/province/CA.pdf>
Package pdftex.def Info: ../figures/province/CA.pdf  used on input line 490.
(pdftex.def)             Requested size: 684.60736pt x 385.09021pt.
[89

 <../figures/province/CA.pdf>]
<../figures/province/NU.pdf, id=8960, 1156.32pt x 650.43pt>
File: ../figures/province/NU.pdf Graphic file (type pdf)
<use ../figures/province/NU.pdf>
Package pdftex.def Info: ../figures/province/NU.pdf  used on input line 496.
(pdftex.def)             Requested size: 684.60736pt x 385.09021pt.
[90

 <../figures/province/NU.pdf>]
<../figures/province/OR.pdf, id=9059, 1156.32pt x 650.43pt>
File: ../figures/province/OR.pdf Graphic file (type pdf)
<use ../figures/province/OR.pdf>
Package pdftex.def Info: ../figures/province/OR.pdf  used on input line 502.
(pdftex.def)             Requested size: 684.60736pt x 385.09021pt.
[91

 <../figures/province/OR.pdf>]
<../figures/province/SS.pdf, id=9161, 1156.32pt x 650.43pt>
File: ../figures/province/SS.pdf Graphic file (type pdf)
<use ../figures/province/SS.pdf>
Package pdftex.def Info: ../figures/province/SS.pdf  used on input line 508.
(pdftex.def)             Requested size: 684.60736pt x 385.09021pt.
[92

 <../figures/province/SS.pdf>]
<../figures/regioni/SIC.pdf, id=9259, 1156.32pt x 650.43pt>
File: ../figures/regioni/SIC.pdf Graphic file (type pdf)
<use ../figures/regioni/SIC.pdf>
Package pdftex.def Info: ../figures/regioni/SIC.pdf  used on input line 514.
(pdftex.def)             Requested size: 684.60736pt x 385.09021pt.
[93

 <../figures/regioni/SIC.pdf>]
<../figures/province/AG.pdf, id=9354, 1156.32pt x 650.43pt>
File: ../figures/province/AG.pdf Graphic file (type pdf)
<use ../figures/province/AG.pdf>
Package pdftex.def Info: ../figures/province/AG.pdf  used on input line 520.
(pdftex.def)             Requested size: 684.60736pt x 385.09021pt.
[94

 <../figures/province/AG.pdf>]
<../figures/province/CL.pdf, id=9456, 1156.32pt x 650.43pt>
File: ../figures/province/CL.pdf Graphic file (type pdf)
<use ../figures/province/CL.pdf>
Package pdftex.def Info: ../figures/province/CL.pdf  used on input line 526.
(pdftex.def)             Requested size: 684.60736pt x 385.09021pt.
[95

 <../figures/province/CL.pdf>]
<../figures/province/CT.pdf, id=9559, 1156.32pt x 650.43pt>
File: ../figures/province/CT.pdf Graphic file (type pdf)
<use ../figures/province/CT.pdf>
Package pdftex.def Info: ../figures/province/CT.pdf  used on input line 532.
(pdftex.def)             Requested size: 684.60736pt x 385.09021pt.
[96

 <../figures/province/CT.pdf>]
<../figures/province/EN.pdf, id=9659, 1156.32pt x 650.43pt>
File: ../figures/province/EN.pdf Graphic file (type pdf)
<use ../figures/province/EN.pdf>
Package pdftex.def Info: ../figures/province/EN.pdf  used on input line 538.
(pdftex.def)             Requested size: 684.60736pt x 385.09021pt.
[97

 <../figures/province/EN.pdf>]
<../figures/province/ME.pdf, id=9756, 1156.32pt x 650.43pt>
File: ../figures/province/ME.pdf Graphic file (type pdf)
<use ../figures/province/ME.pdf>
Package pdftex.def Info: ../figures/province/ME.pdf  used on input line 544.
(pdftex.def)             Requested size: 684.60736pt x 385.09021pt.
[98

 <../figures/province/ME.pdf>]
<../figures/province/PA.pdf, id=9856, 1156.32pt x 650.43pt>
File: ../figures/province/PA.pdf Graphic file (type pdf)
<use ../figures/province/PA.pdf>
Package pdftex.def Info: ../figures/province/PA.pdf  used on input line 550.
(pdftex.def)             Requested size: 684.60736pt x 385.09021pt.
[99

 <../figures/province/PA.pdf>]
<../figures/province/RG.pdf, id=9957, 1156.32pt x 650.43pt>
File: ../figures/province/RG.pdf Graphic file (type pdf)
<use ../figures/province/RG.pdf>
Package pdftex.def Info: ../figures/province/RG.pdf  used on input line 556.
(pdftex.def)             Requested size: 684.60736pt x 385.09021pt.
[100

 <../figures/province/RG.pdf>]
<../figures/province/SR.pdf, id=10056, 1156.32pt x 650.43pt>
File: ../figures/province/SR.pdf Graphic file (type pdf)
<use ../figures/province/SR.pdf>
Package pdftex.def Info: ../figures/province/SR.pdf  used on input line 562.
(pdftex.def)             Requested size: 684.60736pt x 385.09021pt.
[101

 <../figures/province/SR.pdf>]
<../figures/province/TP.pdf, id=10158, 1156.32pt x 650.43pt>
File: ../figures/province/TP.pdf Graphic file (type pdf)
<use ../figures/province/TP.pdf>
Package pdftex.def Info: ../figures/province/TP.pdf  used on input line 568.
(pdftex.def)             Requested size: 684.60736pt x 385.09021pt.
[102

 <../figures/province/TP.pdf>]
<../figures/regioni/TN.pdf, id=10259, 1156.32pt x 650.43pt>
File: ../figures/regioni/TN.pdf Graphic file (type pdf)
<use ../figures/regioni/TN.pdf>
Package pdftex.def Info: ../figures/regioni/TN.pdf  used on input line 574.
(pdftex.def)             Requested size: 684.60736pt x 385.09021pt.
[103

 <../figures/regioni/TN.pdf>]
<../figures/regioni/TOS.pdf, id=10364, 1156.32pt x 650.43pt>
File: ../figures/regioni/TOS.pdf Graphic file (type pdf)
<use ../figures/regioni/TOS.pdf>
Package pdftex.def Info: ../figures/regioni/TOS.pdf  used on input line 580.
(pdftex.def)             Requested size: 684.60736pt x 385.09021pt.
[104

 <../figures/regioni/TOS.pdf>]
<../figures/province/AR.pdf, id=10460, 1156.32pt x 650.43pt>
File: ../figures/province/AR.pdf Graphic file (type pdf)
<use ../figures/province/AR.pdf>
Package pdftex.def Info: ../figures/province/AR.pdf  used on input line 586.
(pdftex.def)             Requested size: 684.60736pt x 385.09021pt.
[105

 <../figures/province/AR.pdf>]
<../figures/province/FI.pdf, id=10559, 1156.32pt x 650.43pt>
File: ../figures/province/FI.pdf Graphic file (type pdf)
<use ../figures/province/FI.pdf>
Package pdftex.def Info: ../figures/province/FI.pdf  used on input line 592.
(pdftex.def)             Requested size: 684.60736pt x 385.09021pt.
[106

 <../figures/province/FI.pdf>]
<../figures/province/GR.pdf, id=10659, 1156.32pt x 650.43pt>
File: ../figures/province/GR.pdf Graphic file (type pdf)
<use ../figures/province/GR.pdf>
Package pdftex.def Info: ../figures/province/GR.pdf  used on input line 598.
(pdftex.def)             Requested size: 684.60736pt x 385.09021pt.
[107

 <../figures/province/GR.pdf>]
<../figures/province/LI.pdf, id=10760, 1156.32pt x 650.43pt>
File: ../figures/province/LI.pdf Graphic file (type pdf)
<use ../figures/province/LI.pdf>
Package pdftex.def Info: ../figures/province/LI.pdf  used on input line 604.
(pdftex.def)             Requested size: 684.60736pt x 385.09021pt.
[108

 <../figures/province/LI.pdf>]
<../figures/province/LU.pdf, id=10861, 1156.32pt x 650.43pt>
File: ../figures/province/LU.pdf Graphic file (type pdf)
<use ../figures/province/LU.pdf>
Package pdftex.def Info: ../figures/province/LU.pdf  used on input line 610.
(pdftex.def)             Requested size: 684.60736pt x 385.09021pt.
[109

 <../figures/province/LU.pdf>]
<../figures/province/MS.pdf, id=10959, 1156.32pt x 650.43pt>
File: ../figures/province/MS.pdf Graphic file (type pdf)
<use ../figures/province/MS.pdf>
Package pdftex.def Info: ../figures/province/MS.pdf  used on input line 616.
(pdftex.def)             Requested size: 684.60736pt x 385.09021pt.
[110

 <../figures/province/MS.pdf>]
<../figures/province/PI.pdf, id=11059, 1156.32pt x 650.43pt>
File: ../figures/province/PI.pdf Graphic file (type pdf)
<use ../figures/province/PI.pdf>
Package pdftex.def Info: ../figures/province/PI.pdf  used on input line 622.
(pdftex.def)             Requested size: 684.60736pt x 385.09021pt.
[111

 <../figures/province/PI.pdf>]
<../figures/province/PT.pdf, id=11157, 1156.32pt x 650.43pt>
File: ../figures/province/PT.pdf Graphic file (type pdf)
<use ../figures/province/PT.pdf>
Package pdftex.def Info: ../figures/province/PT.pdf  used on input line 628.
(pdftex.def)             Requested size: 684.60736pt x 385.09021pt.
[112

 <../figures/province/PT.pdf>]
<../figures/province/PO.pdf, id=11257, 1156.32pt x 650.43pt>
File: ../figures/province/PO.pdf Graphic file (type pdf)
<use ../figures/province/PO.pdf>
Package pdftex.def Info: ../figures/province/PO.pdf  used on input line 634.
(pdftex.def)             Requested size: 684.60736pt x 385.09021pt.
[113

 <../figures/province/PO.pdf>]
<../figures/province/SI.pdf, id=11357, 1156.32pt x 650.43pt>
File: ../figures/province/SI.pdf Graphic file (type pdf)
<use ../figures/province/SI.pdf>
Package pdftex.def Info: ../figures/province/SI.pdf  used on input line 640.
(pdftex.def)             Requested size: 684.60736pt x 385.09021pt.
[114

 <../figures/province/SI.pdf>]
<../figures/regioni/UMB.pdf, id=11457, 1156.32pt x 650.43pt>
File: ../figures/regioni/UMB.pdf Graphic file (type pdf)
<use ../figures/regioni/UMB.pdf>
Package pdftex.def Info: ../figures/regioni/UMB.pdf  used on input line 646.
(pdftex.def)             Requested size: 684.60736pt x 385.09021pt.
[115

 <../figures/regioni/UMB.pdf>]
<../figures/province/PG.pdf, id=11553, 1156.32pt x 650.43pt>
File: ../figures/province/PG.pdf Graphic file (type pdf)
<use ../figures/province/PG.pdf>
Package pdftex.def Info: ../figures/province/PG.pdf  used on input line 652.
(pdftex.def)             Requested size: 684.60736pt x 385.09021pt.
[116

 <../figures/province/PG.pdf>]
<../figures/province/TR.pdf, id=11654, 1156.32pt x 650.43pt>
File: ../figures/province/TR.pdf Graphic file (type pdf)
<use ../figures/province/TR.pdf>
Package pdftex.def Info: ../figures/province/TR.pdf  used on input line 658.
(pdftex.def)             Requested size: 684.60736pt x 385.09021pt.
[117

 <../figures/province/TR.pdf>]
<../figures/regioni/VAO.pdf, id=11753, 1156.32pt x 650.43pt>
File: ../figures/regioni/VAO.pdf Graphic file (type pdf)
<use ../figures/regioni/VAO.pdf>
Package pdftex.def Info: ../figures/regioni/VAO.pdf  used on input line 664.
(pdftex.def)             Requested size: 684.60736pt x 385.09021pt.
[118

 <../figures/regioni/VAO.pdf>]
<../figures/regioni/VEN.pdf, id=11854, 1156.32pt x 650.43pt>
File: ../figures/regioni/VEN.pdf Graphic file (type pdf)
<use ../figures/regioni/VEN.pdf>
Package pdftex.def Info: ../figures/regioni/VEN.pdf  used on input line 670.
(pdftex.def)             Requested size: 684.60736pt x 385.09021pt.
[119

 <../figures/regioni/VEN.pdf>]
<../figures/province/BL.pdf, id=11950, 1156.32pt x 650.43pt>
File: ../figures/province/BL.pdf Graphic file (type pdf)
<use ../figures/province/BL.pdf>
Package pdftex.def Info: ../figures/province/BL.pdf  used on input line 676.
(pdftex.def)             Requested size: 684.60736pt x 385.09021pt.
[120

 <../figures/province/BL.pdf>]
<../figures/province/PD.pdf, id=12051, 1156.32pt x 650.43pt>
File: ../figures/province/PD.pdf Graphic file (type pdf)
<use ../figures/province/PD.pdf>
Package pdftex.def Info: ../figures/province/PD.pdf  used on input line 682.
(pdftex.def)             Requested size: 684.60736pt x 385.09021pt.
[121

 <../figures/province/PD.pdf>]
<../figures/province/RO.pdf, id=12150, 1156.32pt x 650.43pt>
File: ../figures/province/RO.pdf Graphic file (type pdf)
<use ../figures/province/RO.pdf>
Package pdftex.def Info: ../figures/province/RO.pdf  used on input line 688.
(pdftex.def)             Requested size: 684.60736pt x 385.09021pt.
[122

 <../figures/province/RO.pdf>]
<../figures/province/TV.pdf, id=12249, 1156.32pt x 650.43pt>
File: ../figures/province/TV.pdf Graphic file (type pdf)
<use ../figures/province/TV.pdf>
Package pdftex.def Info: ../figures/province/TV.pdf  used on input line 694.
(pdftex.def)             Requested size: 684.60736pt x 385.09021pt.
[123

 <../figures/province/TV.pdf>]
<../figures/province/VE.pdf, id=12350, 1156.32pt x 650.43pt>
File: ../figures/province/VE.pdf Graphic file (type pdf)
<use ../figures/province/VE.pdf>
Package pdftex.def Info: ../figures/province/VE.pdf  used on input line 700.
(pdftex.def)             Requested size: 684.60736pt x 385.09021pt.
[124

 <../figures/province/VE.pdf>]
<../figures/province/VR.pdf, id=12450, 1156.32pt x 650.43pt>
File: ../figures/province/VR.pdf Graphic file (type pdf)
<use ../figures/province/VR.pdf>
Package pdftex.def Info: ../figures/province/VR.pdf  used on input line 706.
(pdftex.def)             Requested size: 684.60736pt x 385.09021pt.
[125

 <../figures/province/VR.pdf>]
<../figures/province/VI.pdf, id=12551, 1156.32pt x 650.43pt>
File: ../figures/province/VI.pdf Graphic file (type pdf)
<use ../figures/province/VI.pdf>
Package pdftex.def Info: ../figures/province/VI.pdf  used on input line 712.
(pdftex.def)             Requested size: 684.60736pt x 385.09021pt.
) [126

 <../figures/province/VI.pdf>] (./regioni.aux)
 ***********
LaTeX2e <2025-11-01>
L3 programming layer <2026-03-20>
 ***********
Package rerunfilecheck Info: File `regioni.out' has not changed.
(rerunfilecheck)             Checksum: 0A91F2FA67E1A145C4C27F506BA4E897;11584.
 ) 
Here is how much of TeX's memory you used:
 12732 strings out of 467363
 216451 string characters out of 5419001
 629319 words of memory out of 6000000
 41434 multiletter control sequences out of 15000+600000
 634352 words of font info for 64 fonts, out of 8000000 for 9000
 1141 hyphenation exceptions out of 8191
 75i,12n,79p,267b,644s stack positions out of 10000i,1000n,20000p,200000b,200000s
</usr/share/texlive/texmf-dist/fonts/type1/public/amsfonts/cm/cmbx10.pfb></us
r/share/texlive/texmf-dist/fonts/type1/public/amsfonts/cm/cmbx12.pfb></usr/shar
e/texlive/texmf-dist/fonts/type1/public/amsfonts/cm/cmbx9.pfb></usr/share/texli
ve/texmf-dist/fonts/type1/public/amsfonts/cm/cmex10.pfb></usr/share/texlive/tex
mf-dist/fonts/type1/public/amsfonts/cm/cmmi10.pfb></usr/share/texlive/texmf-dis
t/fonts/type1/public/amsfonts/cm/cmmi6.pfb></usr/share/texlive/texmf-dist/fonts
/type1/public/amsfonts/cm/cmmi7.pfb></usr/share/texlive/texmf-dist/fonts/type1/
public/amsfonts/cm/cmmi8.pfb></usr/share/texlive/texmf-dist/fonts/type1/public/
amsfonts/cm/cmr10.pfb></usr/share/texlive/texmf-dist/fonts/type1/public/amsfont
s/cm/cmr12.pfb></usr/share/texlive/texmf-dist/fonts/type1/public/amsfonts/cm/cm
r6.pfb></usr/share/texlive/texmf-dist/fonts/type1/public/amsfonts/cm/cmr7.pfb><
/usr/share/texlive/texmf-dist/fonts/type1/public/amsfonts/cm/cmr8.pfb></usr/sha
re/texlive/texmf-dist/fonts/type1/public/amsfonts/cm/cmr9.pfb></usr/share/texli
ve/texmf-dist/fonts/type1/public/amsfonts/cm/cmsy10.pfb></usr/share/texlive/tex
mf-dist/fonts/type1/public/amsfonts/cm/cmsy8.pfb></usr/share/texlive/texmf-dist
/fonts/type1/public/amsfonts/cm/cmtt10.pfb></usr/share/texlive/texmf-dist/fonts
/type1/public/amsfonts/cm/cmtt9.pfb>
Output written on regioni.pdf (127 pages, 3982629 bytes).
PDF statistics:
 12788 PDF objects out of 12825 (max. 8388607)
 2689 compressed objects within 27 object streams
 250 named destinations out of 1000 (max. 500000)
 1569 words of extra memory for PDF output out of 10000 (max. 10000000)

