\BOOKMARK [1][]{section.1}{\376\377\000I\000n\000t\000r\000o\000d\000u\000z\000i\000o\000n\000e}{}% 1
\BOOKMARK [1][]{section.2}{\376\377\000A\000n\000d\000a\000m\000e\000n\000t\000o\000\040\000d\000e\000i\000\040\000R\000i\000s\000u\000l\000t\000a\000t\000i\000\040\000N\000a\000z\000i\000o\000n\000a\000l\000i}{}% 2
\BOOKMARK [1][]{section.3}{\376\377\000A\000b\000r\000u\000z\000z\000o}{}% 3
\BOOKMARK [2][]{subsection.3.1}{\376\377\000L\000'\000A\000q\000u\000i\000l\000a}{section.3}% 4
\BOOKMARK [2][]{subsection.3.2}{\376\377\000C\000h\000i\000e\000t\000i}{section.3}% 5
\BOOKMARK [2][]{subsection.3.3}{\376\377\000P\000e\000s\000c\000a\000r\000a}{section.3}% 6
\BOOKMARK [2][]{subsection.3.4}{\376\377\000T\000e\000r\000a\000m\000o}{section.3}% 7
\BOOKMARK [1][]{section.4}{\376\377\000B\000a\000s\000i\000l\000i\000c\000a\000t\000a}{}% 8
\BOOKMARK [2][]{subsection.4.1}{\376\377\000M\000a\000t\000e\000r\000a}{section.4}% 9
\BOOKMARK [2][]{subsection.4.2}{\376\377\000P\000o\000t\000e\000n\000z\000a}{section.4}% 10
\BOOKMARK [1][]{section.5}{\376\377\000P\000r\000o\000v\000i\000n\000c\000i\000a\000\040\000a\000u\000t\000o\000n\000o\000m\000a\000\040\000d\000i\000\040\000B\000o\000l\000z\000a\000n\000o}{}% 11
\BOOKMARK [1][]{section.6}{\376\377\000C\000a\000l\000a\000b\000r\000i\000a}{}% 12
\BOOKMARK [2][]{subsection.6.1}{\376\377\000C\000a\000t\000a\000n\000z\000a\000r\000o}{section.6}% 13
\BOOKMARK [2][]{subsection.6.2}{\376\377\000C\000o\000s\000e\000n\000z\000a}{section.6}% 14
\BOOKMARK [2][]{subsection.6.3}{\376\377\000C\000r\000o\000t\000o\000n\000e}{section.6}% 15
\BOOKMARK [2][]{subsection.6.4}{\376\377\000R\000e\000g\000g\000i\000o\000-\000C\000A\000L}{section.6}% 16
\BOOKMARK [2][]{subsection.6.5}{\376\377\000V\000i\000b\000o\000-\000V\000a\000l\000e\000n\000t\000i\000a}{section.6}% 17
\BOOKMARK [1][]{section.7}{\376\377\000C\000a\000m\000p\000a\000n\000i\000a}{}% 18
\BOOKMARK [2][]{subsection.7.1}{\376\377\000A\000v\000e\000l\000l\000i\000n\000o}{section.7}% 19
\BOOKMARK [2][]{subsection.7.2}{\376\377\000B\000e\000n\000e\000v\000e\000n\000t\000o}{section.7}% 20
\BOOKMARK [2][]{subsection.7.3}{\376\377\000C\000a\000s\000e\000r\000t\000a}{section.7}% 21
\BOOKMARK [2][]{subsection.7.4}{\376\377\000N\000a\000p\000o\000l\000i}{section.7}% 22
\BOOKMARK [2][]{subsection.7.5}{\376\377\000S\000a\000l\000e\000r\000n\000o}{section.7}% 23
\BOOKMARK [1][]{section.8}{\376\377\000E\000m\000i\000l\000i\000a\000-\000R\000o\000m\000a\000g\000n\000a}{}% 24
\BOOKMARK [2][]{subsection.8.1}{\376\377\000B\000o\000l\000o\000g\000n\000a}{section.8}% 25
\BOOKMARK [2][]{subsection.8.2}{\376\377\000F\000e\000r\000r\000a\000r\000a}{section.8}% 26
\BOOKMARK [2][]{subsection.8.3}{\376\377\000F\000o\000r\000l\000i\000-\000C\000e\000s\000e\000n\000a}{section.8}% 27
\BOOKMARK [2][]{subsection.8.4}{\376\377\000M\000o\000d\000e\000n\000a}{section.8}% 28
\BOOKMARK [2][]{subsection.8.5}{\376\377\000P\000a\000r\000m\000a}{section.8}% 29
\BOOKMARK [2][]{subsection.8.6}{\376\377\000P\000i\000a\000c\000e\000n\000z\000a}{section.8}% 30
\BOOKMARK [2][]{subsection.8.7}{\376\377\000R\000a\000v\000e\000n\000n\000a}{section.8}% 31
\BOOKMARK [2][]{subsection.8.8}{\376\377\000R\000e\000g\000g\000i\000o\000-\000E\000m\000i\000l\000i\000a}{section.8}% 32
\BOOKMARK [2][]{subsection.8.9}{\376\377\000R\000i\000m\000i\000n\000i}{section.8}% 33
\BOOKMARK [1][]{section.9}{\376\377\000F\000r\000i\000u\000l\000i\000-\000V\000e\000n\000e\000z\000i\000a\000\040\000G\000i\000u\000l\000i\000a}{}% 34
\BOOKMARK [2][]{subsection.9.1}{\376\377\000G\000o\000r\000i\000z\000i\000a}{section.9}% 35
\BOOKMARK [2][]{subsection.9.2}{\376\377\000P\000o\000r\000d\000e\000n\000o\000n\000e}{section.9}% 36
\BOOKMARK [2][]{subsection.9.3}{\376\377\000T\000r\000i\000e\000s\000t\000e}{section.9}% 37
\BOOKMARK [2][]{subsection.9.4}{\376\377\000U\000d\000i\000n\000e}{section.9}% 38
\BOOKMARK [1][]{section.10}{\376\377\000L\000a\000z\000i\000o}{}% 39
\BOOKMARK [2][]{subsection.10.1}{\376\377\000F\000r\000o\000s\000i\000n\000o\000n\000e}{section.10}% 40
\BOOKMARK [2][]{subsection.10.2}{\376\377\000L\000a\000t\000i\000n\000a}{section.10}% 41
\BOOKMARK [2][]{subsection.10.3}{\376\377\000R\000i\000e\000t\000i}{section.10}% 42
\BOOKMARK [2][]{subsection.10.4}{\376\377\000R\000o\000m\000a}{section.10}% 43
\BOOKMARK [2][]{subsection.10.5}{\376\377\000V\000i\000t\000e\000r\000b\000o}{section.10}% 44
\BOOKMARK [1][]{section.11}{\376\377\000L\000i\000g\000u\000r\000i\000a}{}% 45
\BOOKMARK [2][]{subsection.11.1}{\376\377\000G\000e\000n\000o\000v\000a}{section.11}% 46
\BOOKMARK [2][]{subsection.11.2}{\376\377\000I\000m\000p\000e\000r\000i\000a}{section.11}% 47
\BOOKMARK [2][]{subsection.11.3}{\376\377\000L\000a\000-\000S\000p\000e\000z\000i\000a}{section.11}% 48
\BOOKMARK [2][]{subsection.11.4}{\376\377\000S\000a\000v\000o\000n\000a}{section.11}% 49
\BOOKMARK [1][]{section.12}{\376\377\000L\000o\000m\000b\000a\000r\000d\000i\000a}{}% 50
\BOOKMARK [2][]{subsection.12.1}{\376\377\000B\000e\000r\000g\000a\000m\000o}{section.12}% 51
\BOOKMARK [2][]{subsection.12.2}{\376\377\000B\000r\000e\000s\000c\000i\000a}{section.12}% 52
\BOOKMARK [2][]{subsection.12.3}{\376\377\000C\000o\000m\000o}{section.12}% 53
\BOOKMARK [2][]{subsection.12.4}{\376\377\000C\000r\000e\000m\000o\000n\000a}{section.12}% 54
\BOOKMARK [2][]{subsection.12.5}{\376\377\000M\000a\000n\000t\000o\000v\000a}{section.12}% 55
\BOOKMARK [2][]{subsection.12.6}{\376\377\000M\000i\000l\000a\000n\000o}{section.12}% 56
\BOOKMARK [2][]{subsection.12.7}{\376\377\000P\000a\000v\000i\000a}{section.12}% 57
\BOOKMARK [2][]{subsection.12.8}{\376\377\000S\000o\000n\000d\000r\000i\000o}{section.12}% 58
\BOOKMARK [2][]{subsection.12.9}{\376\377\000V\000a\000r\000e\000s\000e}{section.12}% 59
\BOOKMARK [1][]{section.13}{\376\377\000M\000a\000r\000c\000h\000e}{}% 60
\BOOKMARK [2][]{subsection.13.1}{\376\377\000A\000n\000c\000o\000n\000a}{section.13}% 61
\BOOKMARK [2][]{subsection.13.2}{\376\377\000A\000s\000c\000o\000l\000i\000-\000P\000i\000c\000e\000n\000o}{section.13}% 62
\BOOKMARK [2][]{subsection.13.3}{\376\377\000F\000e\000r\000m\000o}{section.13}% 63
\BOOKMARK [2][]{subsection.13.4}{\376\377\000M\000a\000c\000e\000r\000a\000t\000a}{section.13}% 64
\BOOKMARK [2][]{subsection.13.5}{\376\377\000P\000e\000s\000a\000r\000o\000-\000U\000r\000b\000i\000n\000o}{section.13}% 65
\BOOKMARK [1][]{section.14}{\376\377\000M\000o\000l\000i\000s\000e}{}% 66
\BOOKMARK [2][]{subsection.14.1}{\376\377\000C\000a\000m\000p\000o\000b\000a\000s\000s\000o}{section.14}% 67
\BOOKMARK [2][]{subsection.14.2}{\376\377\000I\000s\000e\000r\000n\000i\000a}{section.14}% 68
\BOOKMARK [1][]{section.15}{\376\377\000P\000i\000e\000m\000o\000n\000t\000e}{}% 69
\BOOKMARK [2][]{subsection.15.1}{\376\377\000A\000l\000e\000s\000s\000a\000n\000d\000r\000i\000a}{section.15}% 70
\BOOKMARK [2][]{subsection.15.2}{\376\377\000A\000s\000t\000i}{section.15}% 71
\BOOKMARK [2][]{subsection.15.3}{\376\377\000C\000u\000n\000e\000o}{section.15}% 72
\BOOKMARK [2][]{subsection.15.4}{\376\377\000N\000o\000v\000a\000r\000a}{section.15}% 73
\BOOKMARK [2][]{subsection.15.5}{\376\377\000T\000o\000r\000i\000n\000o}{section.15}% 74
\BOOKMARK [2][]{subsection.15.6}{\376\377\000V\000e\000r\000b\000a\000n\000i\000a}{section.15}% 75
\BOOKMARK [2][]{subsection.15.7}{\376\377\000V\000e\000r\000c\000e\000l\000l\000i}{section.15}% 76
\BOOKMARK [1][]{section.16}{\376\377\000P\000u\000g\000l\000i\000a}{}% 77
\BOOKMARK [2][]{subsection.16.1}{\376\377\000B\000a\000r\000i}{section.16}% 78
\BOOKMARK [2][]{subsection.16.2}{\376\377\000B\000r\000i\000n\000d\000i\000s\000i}{section.16}% 79
\BOOKMARK [2][]{subsection.16.3}{\376\377\000F\000o\000g\000g\000i\000a}{section.16}% 80
\BOOKMARK [2][]{subsection.16.4}{\376\377\000L\000e\000c\000c\000e}{section.16}% 81
\BOOKMARK [2][]{subsection.16.5}{\376\377\000T\000a\000r\000a\000n\000t\000o}{section.16}% 82
\BOOKMARK [1][]{section.17}{\376\377\000S\000a\000r\000d\000e\000g\000n\000a}{}% 83
\BOOKMARK [2][]{subsection.17.1}{\376\377\000C\000a\000g\000l\000i\000a\000r\000i}{section.17}% 84
\BOOKMARK [2][]{subsection.17.2}{\376\377\000N\000u\000o\000r\000o}{section.17}% 85
\BOOKMARK [2][]{subsection.17.3}{\376\377\000O\000r\000i\000s\000t\000a\000n\000o}{section.17}% 86
\BOOKMARK [2][]{subsection.17.4}{\376\377\000S\000a\000s\000s\000a\000r\000i}{section.17}% 87
\BOOKMARK [1][]{section.18}{\376\377\000S\000i\000c\000i\000l\000i\000a}{}% 88
\BOOKMARK [2][]{subsection.18.1}{\376\377\000A\000g\000r\000i\000g\000e\000n\000t\000o}{section.18}% 89
\BOOKMARK [2][]{subsection.18.2}{\376\377\000C\000a\000l\000t\000a\000n\000i\000s\000s\000e\000t\000t\000a}{section.18}% 90
\BOOKMARK [2][]{subsection.18.3}{\376\377\000C\000a\000t\000a\000n\000i\000a}{section.18}% 91
\BOOKMARK [2][]{subsection.18.4}{\376\377\000E\000n\000n\000a}{section.18}% 92
\BOOKMARK [2][]{subsection.18.5}{\376\377\000M\000e\000s\000s\000i\000n\000a}{section.18}% 93
\BOOKMARK [2][]{subsection.18.6}{\376\377\000P\000a\000l\000e\000r\000m\000o}{section.18}% 94
\BOOKMARK [2][]{subsection.18.7}{\376\377\000R\000a\000g\000u\000s\000a}{section.18}% 95
\BOOKMARK [2][]{subsection.18.8}{\376\377\000S\000i\000r\000a\000c\000u\000s\000a}{section.18}% 96
\BOOKMARK [2][]{subsection.18.9}{\376\377\000T\000r\000a\000p\000a\000n\000i}{section.18}% 97
\BOOKMARK [1][]{section.19}{\376\377\000P\000r\000o\000v\000i\000n\000c\000i\000a\000\040\000a\000u\000t\000o\000n\000o\000m\000a\000\040\000d\000i\000\040\000T\000r\000e\000n\000t\000o}{}% 98
\BOOKMARK [1][]{section.20}{\376\377\000T\000o\000s\000c\000a\000n\000a}{}% 99
\BOOKMARK [2][]{subsection.20.1}{\376\377\000A\000r\000e\000z\000z\000o}{section.20}% 100
\BOOKMARK [2][]{subsection.20.2}{\376\377\000F\000i\000r\000e\000n\000z\000e}{section.20}% 101
\BOOKMARK [2][]{subsection.20.3}{\376\377\000G\000r\000o\000s\000s\000e\000t\000o}{section.20}% 102
\BOOKMARK [2][]{subsection.20.4}{\376\377\000L\000i\000v\000o\000r\000n\000o}{section.20}% 103
\BOOKMARK [2][]{subsection.20.5}{\376\377\000L\000u\000c\000c\000a}{section.20}% 104
\BOOKMARK [2][]{subsection.20.6}{\376\377\000M\000a\000s\000s\000a\000-\000C\000a\000r\000r\000a\000r\000a}{section.20}% 105
\BOOKMARK [2][]{subsection.20.7}{\376\377\000P\000i\000s\000a}{section.20}% 106
\BOOKMARK [2][]{subsection.20.8}{\376\377\000P\000i\000s\000t\000o\000i\000a}{section.20}% 107
\BOOKMARK [2][]{subsection.20.9}{\376\377\000P\000r\000a\000t\000o}{section.20}% 108
\BOOKMARK [2][]{subsection.20.10}{\376\377\000S\000i\000e\000n\000a}{section.20}% 109
\BOOKMARK [1][]{section.21}{\376\377\000U\000m\000b\000r\000i\000a}{}% 110
\BOOKMARK [2][]{subsection.21.1}{\376\377\000P\000e\000r\000u\000g\000i\000a}{section.21}% 111
\BOOKMARK [2][]{subsection.21.2}{\376\377\000T\000e\000r\000n\000i}{section.21}% 112
\BOOKMARK [1][]{section.22}{\376\377\000V\000a\000l\000l\000e\000\040\000d\000'\000A\000o\000s\000t\000a}{}% 113
\BOOKMARK [1][]{section.23}{\376\377\000V\000e\000n\000e\000t\000o}{}% 114
\BOOKMARK [2][]{subsection.23.1}{\376\377\000B\000e\000l\000l\000u\000n\000o}{section.23}% 115
\BOOKMARK [2][]{subsection.23.2}{\376\377\000P\000a\000d\000o\000v\000a}{section.23}% 116
\BOOKMARK [2][]{subsection.23.3}{\376\377\000R\000o\000v\000i\000g\000o}{section.23}% 117
\BOOKMARK [2][]{subsection.23.4}{\376\377\000T\000r\000e\000v\000i\000s\000o}{section.23}% 118
\BOOKMARK [2][]{subsection.23.5}{\376\377\000V\000e\000n\000e\000z\000i\000a}{section.23}% 119
\BOOKMARK [2][]{subsection.23.6}{\376\377\000V\000e\000r\000o\000n\000a}{section.23}% 120
\BOOKMARK [2][]{subsection.23.7}{\376\377\000V\000i\000c\000e\000n\000z\000a}{section.23}% 121
